
Memory Configuration

Name             Origin             Length             Attributes
*default*        0x0000000000000000 0xffffffffffffffff

Linker script and memory map


.mailbox        0xffffffffa1b00580      0x280
 hex/app/SW_V2130_csdk.elf(.mailbox)
 .mailbox       0xffffffffa1b00580      0x280 hex/app/SW_V2130_csdk.elf
                0xffffffffa1b00580                g_mailbox
                0xffffffffa1b00580                _dualport_sram_romed_mbx_start

.rotext         0xffffffff880719c0   0x154a20
 hex/app/SW_V2130_csdk.elf(.rotext)
 .rotext        0xffffffff880719c0   0x154a20 hex/app/SW_V2130_csdk.elf
                0xffffffff880719c1                hal_DbgPxtsSetEnabled
                0xffffffff88071a45                hal_DbgPxtsProfileJobExit
                0xffffffff88071a75                hal_DbgPxtsProfileJobEnter
                0xffffffff88071a9d                hal_DbgPxtsProfilePulse
                0xffffffff88071ab1                hal_DbgPxtsProfileTask
                0xffffffff88071ad9                hal_DbgPxtsProfileWindowExit
                0xffffffff88071afd                hal_DbgPxtsProfileWindowEnter
                0xffffffff88071b11                hal_DbgPxtsProfileFunctionExit
                0xffffffff88071b35                hal_DbgPxtsProfileFunctionEnter
                0xffffffff88071b49                hal_DbgPxtsSendTrigger
                0xffffffff88071ba8                pmd_Deactive
                0xffffffff88071bf1                pmd_SetPadVoltage
                0xffffffff88071c45                pmd_SetPadVoltageModeLP
                0xffffffff88071c89                pmd_SetPadVoltageMode
                0xffffffff88071ccd                pmd_RegIrqSettingSet
                0xffffffff88071d15                pmd_Close
                0xffffffff88071dad                hal_DbgTrace
                0xffffffff88071dd4                hal_LpsDeepSleepWrapper
                0xffffffff88071e30                hal_LpsLightSleepWrapper
                0xffffffff88071e90                hal_GdbInvalidCache
                0xffffffff88071ea8                hal_GdbInvalidICache
                0xffffffff88071ec8                hal_GdbInvalidCacheData
                0xffffffff88071ef0                hal_GdbDisableDebugIrq
                0xffffffff88071f11                __ucmpdi2
                0xffffffff88071f39                __ffssi2
                0xffffffff88071f79                calib_SxsInit
                0xffffffff88072031                calib_StubMain
                0xffffffff88072069                calib_SxsTaskIdle
                0xffffffff88072099                calib_SxsTimerDelivery
                0xffffffff880720b1                hal_MapEngineOpen
                0xffffffff880720dd                hal_MapEngineRegisterModule
                0xffffffff880720f9                hal_MapEnginePrintModuleVersion
                0xffffffff88072115                hal_MapEnginePrintAllModulesVersion
                0xffffffff88072131                hal_DbgPageProtectSetup
                0xffffffff88072165                hal_DbgPageProtectEnable
                0xffffffff88072191                hal_AudEnableRecvMode
                0xffffffff8807219d                hal_AudVMicValid
                0xffffffff880721a9                hal_AudOutputMuted
                0xffffffff880721b5                hal_AudDeepPowerDown
                0xffffffff880721e5                hal_GetAudForceReceiverMicSelectionFlag
                0xffffffff880721f1                hal_AudSetMicCfg
                0xffffffff880721fd                hal_AudSetSpkCfg
                0xffffffff88072209                hal_AudSetRcvGain
                0xffffffff88072219                hal_AudSetHeadGain
                0xffffffff8807224d                hal_AudForcePowerDown
                0xffffffff8807226d                hal_AudGetPowerStatus
                0xffffffff8807229d                hal_AudGetSelCfg
                0xffffffff880722ad                hal_AudRcvGainDb2Val
                0xffffffff880722cd                hal_AudHeadGainDb2Val
                0xffffffff880722ed                hal_AudSpkGainDb2Val
                0xffffffff8807231d                hal_AudMicGainDb2Val
                0xffffffff8807233d                clkInitAUDIO
                0xffffffff88072369                hal_AudGetDacVolumn
                0xffffffff88072385                hal_AudEnRcv
                0xffffffff88072435                hal_AudSetSelCfg
                0xffffffff88072539                hal_AudForceReceiverMicSelection
                0xffffffff88072559                hal_AudPowerDown
                0xffffffff880725b5                hal_AudPowerOn
                0xffffffff880725e5                hal_AudClose
                0xffffffff88072699                hal_AudOpen
                0xffffffff88072809                hal_AudMuteOutput
                0xffffffff8807282d                hal_AudEarpieceDetectInit
                0xffffffff880728b9                hal_SpeechPopRxPushTx
                0xffffffff88072991                hal_SpeechFifoReset
                0xffffffff88072a11                hal_SpeechMuteVoiceFrame
                0xffffffff88073279                hal_UsbReset
                0xffffffff880732fd                hal_UsbEpRxTransferedSize
                0xffffffff88073335                hal_UsbEpEnableInterrupt
                0xffffffff88073485                hal_UsbSend
                0xffffffff88073559                hal_UsbRecv
                0xffffffff88073625                hal_UsbEpStall
                0xffffffff88073839                hal_UsbClose
                0xffffffff880738cd                hal_UsbEpTransfertDone
                0xffffffff880739cd                hal_UsbOpen
                0xffffffff880740c1                hal_UsbIrqHandler
                0xffffffff88074475                hal_HostUsbSend
                0xffffffff880745dd                hal_HostUsbClose
                0xffffffff88074655                hal_HostUsbOpen
                0xffffffff88074691                hal_HostUsbCallback
                0xffffffff880746c5                hal_HostUsbEvent
                0xffffffff88074c1d                hal_HostUsbRecv
                0xffffffff88074cb1                hal_VocGetPointer
                0xffffffff88074cbd                hal_VocIrqHandler
                0xffffffff88074d25                clkInitVOC
                0xffffffff88074d51                hal_VocGetDmaiPointer
                0xffffffff88074dad                hal_VocWakeup
                0xffffffff88074e15                hal_VocClose
                0xffffffff88074f19                hal_VocOpen
                0xffffffff88075099                hal_VocInit
                0xffffffff880750f5                pmd_SetHighActivity
                0xffffffff88075105                pmd_GetHighActivity
                0xffffffff88075115                pmd_GetChargerVoltageValidity
                0xffffffff88075125                pmd_GetChargerStatus
                0xffffffff88075131                pmd_GetChargingStage
                0xffffffff8807513d                pmd_UpdateChargeCurrentInternal
                0xffffffff8807518d                pmd_ReduceChargingCurrentDynamic
                0xffffffff880751c5                pmd_SetChargeCurrent
                0xffffffff880751dd                pmd_InitMaxChargeCurrent
                0xffffffff88075219                pmd_ChargerEnterPulseStage
                0xffffffff88075239                pmd_GetVfbWindowOffset
                0xffffffff88075269                pmd_StopCharging
                0xffffffff880752a5                pmd_CutOffCharger
                0xffffffff880752c1                pmd_BatteryLevelToPercent
                0xffffffff88075381                pmd_GetPowerDownVoltPercent
                0xffffffff8807539d                pmd_GetPowerOnVoltPercent
                0xffffffff880753b9                pmd_ChargerPlugout
                0xffffffff8807544d                pmd_CalculateMeanBatteryLevel
                0xffffffff88075479                pmd_CalculateMeanChargerLevel
                0xffffffff880754a5                pmd_ChargerMonChargerVolt
                0xffffffff880755b1                pmd_GetGpadcBatteryLevel
                0xffffffff880755e5                pmd_ChargerChargingState
                0xffffffff880759a1                pmd_ChargerPlugin
                0xffffffff88075ab5                pmd_DcOnHandler
                0xffffffff88075ae9                pmd_SetChargerStatusHandler
                0xffffffff88075b25                pmd_GetAverageGpadcBatteryLevel
                0xffffffff88075b69                pmd_InitCharger
                0xffffffff88075e55                pmd_GetRealTimeBatteryLevel
                0xffffffff88075f81                pmd_GetBatteryLevel
                0xffffffff88075fb5                pmd_CalculateMeanTemperature
                0xffffffff88075fe1                pmd_ChargerMonBattTemperature
                0xffffffff880760d9                pmd_ChargerManager
                0xffffffff88076209                pmd_RegisterYourself
                0xffffffff88076225                PM_ProLPMDisable
                0xffffffff88076229                sxs_StartAll
                0xffffffff88076311                main
                0xffffffff880763a5                sxs_TimerDelivery
                0xffffffff880763c5                sxs_Task
                0xffffffff88076425                sxs_FreeUsrInitTasks
                0xffffffff88076465                sxs_TaskIdle
                0xffffffff880764b5                sxs_UsrInitTask
                0xffffffff880764d1                sap_InitUsr
                0xffffffff880764fd                sim_ProcessEvt
                0xffffffff88076519                sim_Parse
                0xffffffff880765a9                sim_ParseEvt
                0xffffffff880766fd                sim_ParseMsg
                0xffffffff8807688d                sim_MultiSim_Init
                0xffffffff880769c1                sim_Init
                0xffffffff880769e5                sim_GiveEvtdx
                0xffffffff880769fd                sim_PollOffReq
                0xffffffff88076a3d                sim_PollReq
                0xffffffff88076a85                sim_RetryReq
                0xffffffff88076ad5                sim_PowerOffReq
                0xffffffff88076b21                sim_SetUsimPbkReq
                0xffffffff88076b6d                sim_CheckResetState
                0xffffffff88076c81                sim_ManageChannelReq
                0xffffffff88076cf9                sim_SendCmdReq
                0xffffffff88076e09                sim_SelectApplicationReq
                0xffffffff88076ead                sim_StatusTimer
                0xffffffff88076f0d                sim_DedicFileStatusReq
                0xffffffff88076fa1                sim_EnableCHVReq
                0xffffffff8807700d                sim_DisableCHVReq
                0xffffffff88077079                sim_ChangeCHVReq
                0xffffffff88077101                sim_VerifyCHVReq
                0xffffffff880771a5                sim_StopReq
                0xffffffff8807723d                sim_ElemFileStatusReq
                0xffffffff880772c9                sim_TerminalResponseReq
                0xffffffff88077351                sim_EnvelopeReq
                0xffffffff880773d9                sim_TerminalProfileReq
                0xffffffff88077461                sim_IncreaseReq
                0xffffffff880774f1                sim_SeekAllReq
                0xffffffff880775a9                sim_SeekReq
                0xffffffff88077651                sim_RehabilitateReq
                0xffffffff88077719                sim_InvalidateReq
                0xffffffff880777e1                sim_UnblockCHVReq
                0xffffffff880778a9                sim_UpdateRecordReq
                0xffffffff88077949                sim_ReadRecordReq
                0xffffffff880779e1                sim_UpdateBinaryReq
                0xffffffff88077a85                sim_ReadBinaryReq
                0xffffffff88077b21                sim_RunUmtsAlgoReq
                0xffffffff88077bc1                sim_RunGsmAlgoReq
                0xffffffff88077c7d                sim_ResetReq
                0xffffffff88077d31                sim_getDefaultContent
                0xffffffff88077d71                sim_TestSW1SW2
                0xffffffff88078405                sim_CheckVoltageFault
                0xffffffff8807846d                sim_ReleaseResource
                0xffffffff880784b5                sim_InitVar
                0xffffffff88078599                sim_SendOneByteOfData
                0xffffffff88078635                sim_SendInstruction
                0xffffffff88078759                sim_StartEnhancedPPSProcedure
                0xffffffff880787d9                sim_StartPPSProcedure
                0xffffffff88078825                sim_SendDataOfInstructionWithInput
                0xffffffff880788c5                sim_BuildAnswerMessage
                0xffffffff88078b09                sim_AnalyzeATR
                0xffffffff88078fad                sim_SetNextVoltage
                0xffffffff880790f5                sim_Reset
                0xffffffff88079569                sim_ProcessInstruction
                0xffffffff8807a7d5                sim_TimerWaitSw2
                0xffffffff8807a851                sim_AnalyzeReceivedBytes
                0xffffffff8807abe1                sim_Interrupt
                0xffffffff8807ad69                sim_SW1TimeOut
                0xffffffff8807adb5                sm_ProcessEvt
                0xffffffff8807ae11                sm_Parse
                0xffffffff8807ae85                sm_ParseSignal
                0xffffffff8807af7d                sm_ParseMsg
                0xffffffff8807aff5                sm_Init
                0xffffffff8807b04d                sm_GiveDsc
                0xffffffff8807b075                sm_SaveMsg
                0xffffffff8807b0b1                sm_RouteAbortInd
                0xffffffff8807b101                sm_RouteRauAccPdpStatuInd
                0xffffffff8807b151                sm_RouteModifyRsp
                0xffffffff8807b1a1                sm_RouteDeactivateRsp
                0xffffffff8807b1f1                sm_RouteActivateRsp
                0xffffffff8807b241                sm_RoutePdpCtxActivateReq
                0xffffffff8807b2e9                sm_RouteStatusReq
                0xffffffff8807b339                sm_RoutePdpCtxModifyReq
                0xffffffff8807b3b5                sm_RoutePdpCtxModifyRej
                0xffffffff8807b40d                sm_RoutePdpCtxModifyAcc
                0xffffffff8807b465                sm_RoutePdpCtxDeactivateReq
                0xffffffff8807b4d9                sm_RoutePdpCtxActivateRej
                0xffffffff8807b50d                sm_RouteDataInd
                0xffffffff8807b771                sm_DoNothing
                0xffffffff8807b775                sm_StopTimer
                0xffffffff8807b7a5                sm_StartTimer
                0xffffffff8807b7e5                sm_WaitApiCtxModifyAcc_MmpCtxDeactivateReqEvt
                0xffffffff8807b871                sm_WaitApiCtxModifyAcc_ApiCtxDeactivateReqEvt
                0xffffffff8807b8c1                sm_PdpActive_ApiCtxActivateReq
                0xffffffff8807b939                sm_PdpActive_MmpCtxDeactivateReq
                0xffffffff8807b9c5                sm_PdpActive_ApiCtxDeactivateReq
                0xffffffff8807ba15                sm_PdpInactive_ApiCtxDeactivateReq
                0xffffffff8807ba59                sm_Allstate_MmpRauAccPdpStateInd
                0xffffffff8807bb05                sm_WaitApiCtxModifyAcc_ApiCtxModifyRej
                0xffffffff8807bb65                sm_WaitApiCtxModifyAcc_ApiCtxModifyAcc
                0xffffffff8807bbf9                sm_WaitSmModifyRsp_SmModifyRsp
                0xffffffff8807bc89                sm_WaitSmActivateRsp_SmActivateRsp
                0xffffffff8807bd75                sm_NotifyMMPReleaseSavedL3Msg
                0xffffffff8807bddd                sm_WaitMmpCtxDeactivateAcc_MmpCtxDeactivateReq
                0xffffffff8807beb9                sm_WaitMmpCtxDeactivateAcc_MmpCtxDeactivateAcc
                0xffffffff8807c051                sm_WaitMmpCtxModifyAcc_MmpCtxDeactivateReq
                0xffffffff8807c129                sm_WaitMmpCtxModifyAcc_ApiCtxDeactivateReq
                0xffffffff8807c1c5                sm_WaitMmpCtxActivateAcc_MmpCtxDeactivateReq
                0xffffffff8807c2b5                sm_WaitMmpCtxActivateAcc_ApiCtxDeactivateReq
                0xffffffff8807c3d9                sm_Allstate_SmStatusReq
                0xffffffff8807c571                sm_Allstate_MmpAbortInd
                0xffffffff8807c6b1                sm_WaitMmpCtxDeactivateAcc_T3390
                0xffffffff8807c765                sm_WaitMmpCtxModifyAcc_T3381
                0xffffffff8807c85d                sm_WaitMmpCtxModifyAcc_MmpCtxModifyReq
                0xffffffff8807c945                sm_WaitMmpCtxModifyAcc_MmpCtxModifyRej
                0xffffffff8807ca21                sm_PdpActive_MmpCtxModifyReq
                0xffffffff8807cad9                sm_WaitMmpCtxModifyAcc_MmpCtxModifyAcc
                0xffffffff8807cca1                sm_PdpActive_ApiCtxModifyReq
                0xffffffff8807cd51                sm_WaitMmpCtxActivateAcc_MmpCtxActivateRej
                0xffffffff8807ce5d                sm_WaitMmpCtxActivateAcc_T3380
                0xffffffff8807cf91                sm_WaitMmpCtxActivateAcc_MmpCtxActivateAcc
                0xffffffff8807d1f9                sm_PdpInactive_ApiCtxActivateReq
                0xffffffff8807d315                sm_WaitSmDeactivateRsp_SmDeactivateRsp
                0xffffffff8807d491                sm_Allstate_SmStatusInd
                0xffffffff8807d4e1                sm_SelectSapi
                0xffffffff8807d4fd                sm_ConvertR97R98QoSIntoR99QoS
                0xffffffff8807d5f1                sm_GetNSapiIdxFromSmIndex
                0xffffffff8807d64d                sm_GetNSapiIdx
                0xffffffff8807d6a5                sm_StoreNetworkOriginatedTI
                0xffffffff8807d6f1                sm_FreeAllTi
                0xffffffff8807d72d                sm_QoSCheck
                0xffffffff8807d931                sm_RetransMsg
                0xffffffff8807d9b9                sm_FreeTi
                0xffffffff8807da89                sm_AllocTi
                0xffffffff8807db11                sm_GetPdpCtx
                0xffffffff8807db41                sms_Init
                0xffffffff8807dbb9                sms_ProcessEvt
                0xffffffff8807dca9                sms_Parse
                0xffffffff8807dd21                sms_ParseSignal
                0xffffffff8807dd69                sms_ParseMsg
                0xffffffff8807dde1                sms_GiveEvtdx
                0xffffffff8807ddf9                sms_RouteAbortInd
                0xffffffff8807de51                sms_RouteReleaseInd
                0xffffffff8807decd                smr_DataInd
                0xffffffff8807e02d                sms_DataInd
                0xffffffff8807e1a1                sms_RouteMmpDataInd
                0xffffffff8807e1c1                sms_RouteMmDataInd
                0xffffffff8807e1e1                snd_ProcessEvt
                0xffffffff8807e21d                snd_Parse
                0xffffffff8807e2a9                snd_ParseSignal
                0xffffffff8807e345                snd_ParseMsg
                0xffffffff8807e3bd                snd_Init
                0xffffffff8807e4a5                snd_GiveEvtdx
                0xffffffff8807e4bd                snd_SendPduToAPI
                0xffffffff8807e511                snd_SendMsg
                0xffffffff8807e575                snd_PrepMsg
                0xffffffff8807e5b9                snd_RouteResetInd
                0xffffffff8807e625                snd_RouteXidCnf
                0xffffffff8807e761                snd_RouteSequenceInd
                0xffffffff8807e81d                snd_RouteReleaseInd
                0xffffffff8807e8b1                snd_RouteReleaseCnf
                0xffffffff8807e945                snd_RouteDataCnf
                0xffffffff8807e9a5                snd_RouteEstabInd
                0xffffffff8807eb1d                snd_RouteEstabCnf
                0xffffffff8807ec5d                snd_RouteUnitDataInd
                0xffffffff8807ece1                snd_RouteDataInd
                0xffffffff8807ed65                snd_RouteXidInd
                0xffffffff8807eed1                snd_RouteModifyInd
                0xffffffff8807ef41                snd_RouteDeactivateInd
                0xffffffff8807eff9                snd_RouteActivateInd
                0xffffffff8807f085                snd_RouteQueueDataReq
                0xffffffff8807f189                snd_DoNothing
                0xffffffff8807f18d                snd_AllState_QueueCreateInd
                0xffffffff8807f1b1                snd_Idle_EstabInd
                0xffffffff8807f1dd                snd_WaitReleaseCnf_ModifyInd
                0xffffffff8807f1e1                snd_RoutingAreaUpdInter_DataReq
                0xffffffff8807f23d                snd_RoutingAreaUpdInter_EstabInd
                0xffffffff8807f2d1                snd_RoutingAreaUpdInter_SequenceInd
                0xffffffff8807f399                snd_WaitReleaseInd_ReleaseCnf
                0xffffffff8807f3e9                snd_WaitReleaseInd_ReleaseInd
                0xffffffff8807f439                snd_WaitEstabInd_DeactivateInd
                0xffffffff8807f479                snd_WaitReleaseCnf_ReleaseInd
                0xffffffff8807f4d5                snd_WaitEstabCnf_DeactivateInd
                0xffffffff8807f5ad                snd_WaitEstabCnf_ReleaseInd
                0xffffffff8807f5f5                snd_Idle_DeactivateInd
                0xffffffff8807f651                snd_WaitReleaseInd_ResetInd
                0xffffffff8807f67d                snd_WaitEstabInd_ResetInd
                0xffffffff8807f6a9                snd_WaitReleaseCnf_ResetInd
                0xffffffff8807f6d5                snd_Connected_ResetInd
                0xffffffff8807f749                snd_WaitEstabCnf_ResetInd
                0xffffffff8807f775                snd_Idle_ResetInd
                0xffffffff8807f7a1                snd_WaitEstabInd_EstabInd
                0xffffffff8807f8a1                snd_Connected_EstabCnf
                0xffffffff8807f8f1                snd_Connected_EstabInd
                0xffffffff8807f941                snd_WaitReleaseCnf_ReleaseCnf
                0xffffffff8807fab5                snd_Connected_DeactivateInd
                0xffffffff8807fb99                snd_RoutingAreaUpdInter_DeactivateInd
                0xffffffff8807fbb9                snd_Connected_ModifyInd
                0xffffffff8808041d                snd_Connected_ReleaseInd
                0xffffffff88080495                snd_Connected_DataInd
                0xffffffff88080795                snd_Connected_DataCnf
                0xffffffff880807f9                snd_Connected_DataReq
                0xffffffff88080869                snd_WaitEstabCnf_EstabInd
                0xffffffff880808cd                snd_WaitEstabCnf_EstabCnf
                0xffffffff880809a9                snd_Idle_EstabCnf
                0xffffffff880809e1                snd_Idle_ModifyInd
                0xffffffff88080cbd                snd_WaitEstabCnf_ModifyInd
                0xffffffff88080ccd                snd_Idle_ActivateInd
                0xffffffff88080f05                snd_AllState_UnitDataInd
                0xffffffff88081185                snd_AllState_UnitDataReq
                0xffffffff880811f5                snd_BuildUnitDataReqSpecific
                0xffffffff88081265                snd_TestSndDataCnf
                0xffffffff88081279                snd_ResetXidParameter
                0xffffffff8808127d                snd_DecodeXidCnf
                0xffffffff88081331                snd_Purge
                0xffffffff88081349                snd_ReleaseAllAckSeg
                0xffffffff880813a9                snd_ReleaseAllUnackSeg
                0xffffffff88081401                snd_SendUnitDataReq
                0xffffffff880817cd                snd_ResumeUnackTransmission
                0xffffffff88081841                snd_Reassemble
                0xffffffff88081a25                snd_ReestabReq
                0xffffffff88081b19                snd_SendDataReq
                0xffffffff88081e05                snd_RetransmitBufNPDU
                0xffffffff88081eb1                snd_RAUInterRetransmission
                0xffffffff88081f99                snd_ReleaseNSapiCtx
                0xffffffff88082061                snd_GetNSapiCtx
                0xffffffff880821bd                snd_CheckAndsndReassemble
                0xffffffff88082399                ss_EvtParse
                0xffffffff88082425                ss_MsgParse
                0xffffffff8808248d                ss_Init
                0xffffffff880824e5                ss_ParseMessage
                0xffffffff88082a9d                ss_RunFSM
                0xffffffff88082aed                ss_mmReleaseInd_Gene
                0xffffffff88082b49                ss_TICmp
                0xffffffff88082b55                ss_SendMsg
                0xffffffff88082be9                ss_SendNetworkNoFacilityIEMsg
                0xffffffff88082c5d                ss_SendNetworkRejectMsg
                0xffffffff88082d95                ss_SendNetworkReturnErrorMsg
                0xffffffff88082ec1                ss_SendNetworkReturnResultMsg
                0xffffffff88083189                ss_PrepMsg
                0xffffffff880831f5                ss_getCtxtPtr
                0xffffffff88083241                ss_AllocTI
                0xffffffff880834a5                ss_StartTimer
                0xffffffff880834e5                ss_StopAllTimers
                0xffffffff88083521                ss_StartMSInitiatedTransaction
                0xffffffff88083d05                ss_apiActionReq_U0
                0xffffffff88083d75                ss_Init_U0
                0xffffffff88083ded                ss_ussdMSReleaseComplete_U01
                0xffffffff88083e21                ss_mmReleaseInd_U01
                0xffffffff88083e79                ss_Timer0Exp_U01
                0xffffffff88083f0d                ss_mmEstabErr_U01
                0xffffffff88083f71                ss_mmEstabCnf_U01
                0xffffffff88083fe9                ss_mmServReq_U01
                0xffffffff88084019                ss_ussdMSReleaseComplete_U1
                0xffffffff8808404d                ss_mmReleaseInd_U1
                0xffffffff88084119                ss_Timer0Exp_U1
                0xffffffff8808421d                ss_componentReceived_U1
                0xffffffff88084571                sxs_FsIdleHook
                0xffffffff88084589                sxs_RegisterDebugIdleHookElem
                0xffffffff880845d5                sxs_RegisterDebugIdleHookFunc
                0xffffffff880845e5                sxs_DebugIdleHook
                0xffffffff88084621                sxs_RmtIdleHook
                0xffffffff88084625                sxs_SaveRmtBuffer
                0xffffffff88084659                sxs_GetRmtBuffer
                0xffffffff88084691                _sxs_SetFnStamp
                0xffffffff880846a1                sxs_RmtInit
                0xffffffff880846d5                tgt_GetHalConfig
                0xffffffff880846e1                tgt_GetAudConfig
                0xffffffff880846ed                tgt_GetPmdConfig
                0xffffffff880846f9                tgt_GetPmdBattCapCurve
                0xffffffff88084701                tgt_GetMcdConfig
                0xffffffff8808470d                tgt_GetUctlsConfig
                0xffffffff88084719                tgt_GetKeyCode
                0xffffffff88084739                tgt_GetXcvConfig
                0xffffffff88084745                tgt_GetPaConfig
                0xffffffff88084751                tgt_GetSwConfig
                0xffffffff8808475d                tgt_GetDsmCfg
                0xffffffff88084769                mmi_RegisterYourself
                0xffffffff8808476d                GetIsEarphonePlugIn
                0xffffffff88084771                tgt_RegisterMonitorModules
                0xffffffff8808478d                tgt_RegisterAllModules
                0xffffffff880847ed                tgt_GetImeiSv
                0xffffffff8808482d                tgt_SyncSetStationPassed
                0xffffffff88084861                tgt_SyncSetStationPerformed
                0xffffffff88084895                tgt_SyncGetStationPassed
                0xffffffff880848c9                tgt_SyncSetStationPassedByID
                0xffffffff8808491d                tgt_SyncGetStationPerformed
                0xffffffff88084951                tgt_SyncSetStationPerformedByID
                0xffffffff880849a5                tgt_SyncGetStationName
                0xffffffff880849e9                tgt_SyncGetStationIDByName
                0xffffffff88084a39                tgt_SyncSetStationPerformedAndPassedByName
                0xffffffff88084d81                uat_transportTask
                0xffffffff88084fa5                uctls_ChangeDeviceDescriptor
                0xffffffff88084fb5                uctls_ChangeDeviceDescriptorSerialNmber
                0xffffffff88084fb9                uctls_NewDeviceDescriptor
                0xffffffff8808501d                uctls_NewConfigDescriptor
                0xffffffff88085055                uctls_NewInterfaceDescriptor
                0xffffffff88085099                uctls_NewInterruptEpDescriptor
                0xffffffff880850dd                uctls_NewBulkEpDescriptor
                0xffffffff88085119                uctls_CleanInterfaceListDescriptor
                0xffffffff88085175                init_uFlash_Func
                0xffffffff88085249                init_uFlash_Param
                0xffffffff88085505                scsiSend
                0xffffffff88085745                boSendCsw
                0xffffffff88085821                scsiRecv
                0xffffffff88085949                umss_TransportBoScsiTask
                0xffffffff880860c5                Usim_DecodeDataLength
                0xffffffff880860cd                Usim_DecUiccCharacteristics
                0xffffffff88086161                Usim_DecAppPowerConsumption
                0xffffffff88086199                Usim_DecMinClockFrequency
                0xffffffff880861b1                Usim_DecMemAvailable
                0xffffffff880861c1                Usim_DecProprietaryInfo
                0xffffffff88086265                Usim_DecDirSecurityAttributes
                0xffffffff88086275                Usim_DecUsageQualifier
                0xffffffff8808629d                Usim_SetPinStatus
                0xffffffff88086359                Usim_DecKeyReference
                0xffffffff88086399                Usim_DecPinStatusTemplateDO
                0xffffffff88086495                Usim_DecTotalDirFileSize
                0xffffffff880864a5                Usim_DecLifeCycleStatus
                0xffffffff88086511                Usim_DecodePbrRecord
                0xffffffff88086dbd                Usim_DecDirId
                0xffffffff88086e1d                Usim_DecDirFileDescriptor
                0xffffffff88086e4d                Usim_DecDfName
                0xffffffff88086ea5                Usim_DecodeDFFcp
                0xffffffff88087009                vfs_async_task_handle
                0xffffffff88087015                vfs_async_init
                0xffffffff88087075                vois_RegisterYourself
                0xffffffff88087091                vpp_RegisterYourself
                0xffffffff880870ad                api_SetGsmstackStarted
                0xffffffff880870b9                api_CheckTestSim
                0xffffffff880870c9                api_DoNothing
                0xffffffff880870f9                api_ParseMsg
                0xffffffff88087299                api_Parse
                0xffffffff88087321                api_ParseSignal
                0xffffffff88087379                api_Init
                0xffffffff88087425                api_GiveDsc
                0xffffffff880882a1                api_PsDetachReq
                0xffffffff88088309                api_PsAttachReq
                0xffffffff88088365                api_TrsSimCloseInd
                0xffffffff88088395                api_TrsStopCnf
                0xffffffff88088425                api_TrsMemoryAlert
                0xffffffff8808849d                api_TrsMemAlertExp
                0xffffffff880884c1                api_TrsUlCongInd
                0xffffffff88088545                api_SetDebugMode
                0xffffffff880885bd                api_TrsDbgInfoCmd
                0xffffffff880885d9                api_DebugNotification
                0xffffffff88088619                smspp_TrsReceiveInd
                0xffffffff880886c9                smspp_TrsErrorInd
                0xffffffff88088771                smspp_TrsAckInd
                0xffffffff880887f5                api_TrsStopReq
                0xffffffff88088845                api_TrsSmsPPErrorReq
                0xffffffff88088905                api_TrsSmsPPAckReq
                0xffffffff880889a5                api_TrsSmsPPSendReq
                0xffffffff88088a61                api_TrsSimOpenInd
                0xffffffff88088ae1                api_TrsSimCloseCnf
                0xffffffff88088bcd                api_TrsImeiReq
                0xffffffff88088c3d                api_TrsStartReq
                0xffffffff88088d19                WatchDog_Close
                0xffffffff88088d29                WatchDog_KeepAlive
                0xffffffff88088d39                WatchDogSetPeriod
                0xffffffff88088d49                WatchDog_Open
                0xffffffff88088d61                api_SendMsg
                0xffffffff88088da1                api_PrepSmsMsg
                0xffffffff88088de5                api_PrepMsg
                0xffffffff88088e2d                api_UlFlowCtrl
                0xffffffff88088ef1                api_CheckCurrentSimTestSim
                0xffffffff88088f09                ars_RegisterYourself
                0xffffffff88088f25                __assert
                0xffffffff88088f4d                aud_CodecGalliteCalibUpdateValues
                0xffffffff88088f5d                aud_CodecGalliteTonePause
                0xffffffff88088f71                aud_CodecGalliteTone
                0xffffffff88088f85                aud_CodecGalliteStreamRecord
                0xffffffff88088fc9                aud_CodecGalliteStreamPause
                0xffffffff88088fdd                aud_CodecGalliteStreamStop
                0xffffffff88088fed                aud_CodecGalliteStreamStart
                0xffffffff88089031                aud_CodecGalliteSetup
                0xffffffff88089041                aud_SetCurOutputDevice
                0xffffffff88089055                aud_GetCurOutputDevice
                0xffffffff88089061                aud_LoudspeakerWithEarpiece
                0xffffffff8808906d                aud_TestModeRegisterMallocFreeFunc
                0xffffffff8808908d                aud_GetMicMuteFlag
                0xffffffff88089099                aud_EnFMRecNewPath
                0xffffffff880890ad                aud_GetBtNRECFlag
                0xffffffff880890bd                aud_GetOutAlgGainDb2Val
                0xffffffff880890cd                aud_InitEarpieceSetting
                0xffffffff880890dd                aud_GetForceReceiverMicSelectionFlag
                0xffffffff880890ed                aud_ToneSetup
                0xffffffff88089119                aud_MutexRelease
                0xffffffff88089135                aud_MutexTake
                0xffffffff88089175                aud_MuteOutputDevice
                0xffffffff8808919d                aud_EnableEarpieceSetting
                0xffffffff880891e1                aud_ForceReceiverMicSelection
                0xffffffff88089209                aud_TonePause
                0xffffffff88089275                aud_ToneStop
                0xffffffff880892f1                aud_ToneStart
                0xffffffff880893b9                aud_StreamRecord
                0xffffffff8808948d                aud_StreamPause
                0xffffffff88089539                aud_StreamStop
                0xffffffff88089615                aud_StreamStart
                0xffffffff88089715                aud_Setup
                0xffffffff88089829                aud_FmEnRecNewPath
                0xffffffff8808983d                aud_FmCalibUpdateValues
                0xffffffff8808984d                aud_FmTonePause
                0xffffffff88089861                aud_FmTone
                0xffffffff88089875                aud_FmStreamRecord
                0xffffffff880898d1                aud_FmStreamPause
                0xffffffff880898e5                aud_FmStreamStop
                0xffffffff880898f5                aud_FmStreamStart
                0xffffffff8808993d                aud_FmSetup
                0xffffffff8808994d                aud_RegisterYourself
                0xffffffff88089969                BAL_TH
                0xffffffff88089989                BAL_DecompressCode
                0xffffffff880899a5                BAL_TaskInit
                0xffffffff88089df5                BAL_DevHandlerInit
                0xffffffff88089e19                BAL_BackgroundTask
                0xffffffff88089e6d                CFW_bal_GetTaskHandle
                0xffffffff88089e81                DM_SendArlarmMessage
                0xffffffff88089eb9                DM_SendPowerOnMessage
                0xffffffff88089ef1                DM_SendPMMessage
                0xffffffff88089f3d                BAL_DevMonitorTask
                0xffffffff8808a1b5                BAL_SysTask
                0xffffffff8808a31d                DM_SendKeyMessage
                0xffffffff8808a39d                bcpu_RegisterYourself
                0xffffffff8808a3dd                calib_GetPointers
                0xffffffff8808a3e9                calib_DaemonTracePrint
                0xffffffff8808a3ed                calib_CheckCalibVersion
                0xffffffff8808a3f1                calib_DaemonSetContext
                0xffffffff8808a3fd                calib_DaemonSetNsftContext
                0xffffffff8808a409                calib_SetStationFlag
                0xffffffff8808a475                calib_GetStationPassFlag
                0xffffffff8808a719                calib_CheckRfCrc
                0xffffffff8808a79d                calib_DaemonInit
                0xffffffff8808aa29                calib_DaemonProcess
                0xffffffff8808aef1                calib_DaemonUsrDataProcess
                0xffffffff8808af59                calib_RegisterYourself
                0xffffffff8808af75                calib_SapInitUsr
                0xffffffff8808b011                calib_StubTaskInit
                0xffffffff8808b0d9                cb_ParseSignal
                0xffffffff8808b0dd                cb_ParseMsg
                0xffffffff8808b1fd                cb_Init
                0xffffffff8808b245                cb_TrsDoNothing
                0xffffffff8808b249                cbRxBlk_DataInd
                0xffffffff8808b3cd                cb_InitIdle
                0xffffffff8808b409                cbIdle_DataInd
                0xffffffff8808b5d1                cb_InitNull
                0xffffffff8808b5f9                cbNull_ActivateReq
                0xffffffff8808b661                cbNull_CellInd
                0xffffffff8808b689                cbGene_CellInd
                0xffffffff8808b7a9                cbGene_DeactivateReq
                0xffffffff8808b7ed                cbGene_ActivateReq
                0xffffffff8808b899                cb_FindSmsCbCtx
                0xffffffff8808b8e1                cb_7To8bitsData
                0xffffffff8808b939                cb_SchedMIdOk
                0xffffffff8808b971                cb_IsWantedDCS
                0xffffffff8808b9c1                cb_IsWantedMId
                0xffffffff8808ba11                cb_HdleMsgDsc
                0xffffffff8808badd                cb_StopRcvSchedMsg
                0xffffffff8808bb45                cb_GetRelSlot
                0xffffffff8808bbad                cb_UpdtSchedCtx
                0xffffffff8808bc49                cb_FreeSchedCtx
                0xffffffff8808bc85                cb_CheckSchedValidity
                0xffffffff8808bce1                cb_ReleaseCfgLists
                0xffffffff8808bd09                cb_SndSkipReq
                0xffffffff8808bdcd                cb_SndCbchReq
                0xffffffff8808be11                cb_UpdCellPar
                0xffffffff8808be7d                cb_DelHistory
                0xffffffff8808bf0d                cb_AddInHistory
                0xffffffff8808bf95                cb_DelSmsCbCtx
                0xffffffff8808c069                cb_ClearSmsCbCtx
                0xffffffff8808c0f5                cb_ProcessCbMsg
                0xffffffff8808c685                cb_SaveCfgLists
                0xffffffff8808c6f5                cb_StopRcvSmsCbMsg
                0xffffffff8808c831                cc_Parse
                0xffffffff8808ca71                cc_EvtParse
                0xffffffff8808cadd                cc_MsgParse
                0xffffffff8808cbbd                cc_Init
                0xffffffff8808cc49                cc_GiveDsc
                0xffffffff8808d095                cc_EndProcDtmf_Gene
                0xffffffff8808d111                cc_AckProcDtmf_Gene
                0xffffffff8808d18d                cc_apiStopDtmfReq_Gene
                0xffffffff8808d1a9                cc_apiStartDtmfReq_Gene
                0xffffffff8808d1c9                cc_Status_Gene
                0xffffffff8808d331                cc_TrsnApiRelCmpt
                0xffffffff8808d381                cc_UserInfo_Gene
                0xffffffff8808d3ed                cc_apiUserInfoReq_Gene
                0xffffffff8808d505                cc_Facility_Gene
                0xffffffff8808d5a9                cc_ReleaseCmpl_Gene
                0xffffffff8808d685                cc_Release_Gene
                0xffffffff8808d771                cc_Disconnect_Gene
                0xffffffff8808d8bd                cc_Progress_Gene
                0xffffffff8808d935                cc_mmEstabErr_Gene
                0xffffffff8808d971                cc_mmReleaseInd_Gene
                0xffffffff8808d991                cc_rrChanMode_Gene
                0xffffffff8808dab9                cc_StatusEnquiry_Gene
                0xffffffff8808dacd                cc_apiDiscReq_Gene
                0xffffffff8808daf1                cc_SendMsg
                0xffffffff8808db79                cc_PrepMsg
                0xffffffff8808dbd5                cc_TS10Exp_REEST
                0xffffffff8808dbf9                cc_mmReestabErr_REEST
                0xffffffff8808dc39                cc_mmReestabCnf_REEST
                0xffffffff8808dc7d                cc_apiDiscReq_REEST
                0xffffffff8808dcd1                cc_GiveDataIndDsc
                0xffffffff8808e0a9                cc_EncCause
                0xffffffff8808e0c1                cc_DoNothing
                0xffffffff8808e0c5                cc_TICmp
                0xffffffff8808e0d1                cc_AllocTI
                0xffffffff8808e141                cc_EncSdConnect
                0xffffffff8808e26d                cc_HdleAudioOn
                0xffffffff8808e2b1                cc_HdleProgressInd
                0xffffffff8808e2e5                cc_SdApiErrorInd
                0xffffffff8808e341                cc_EncSdSimpleMsg
                0xffffffff8808e38d                cc_ReadSimSST
                0xffffffff8808e4e1                cc_EncSdAlert
                0xffffffff8808e5e5                cc_StopAllTimers
                0xffffffff8808e741                cc_RelCon
                0xffffffff8808e7b1                cc_EncSdRelCmplt
                0xffffffff8808e889                cc_EncSdStatus
                0xffffffff8808e9d5                cc_InconState
                0xffffffff8808e9f9                cc_EncSdRelMO
                0xffffffff8808eba5                cc_CreateCtx
                0xffffffff8808ec7d                cc_CallClearing
                0xffffffff8808ef15                cc_TimerCallClear
                0xffffffff8808ef65                cc_mmReleaseInd_U0
                0xffffffff8808ef79                cc_rrChanMode_U0
                0xffffffff8808efc9                cc_Setup_U0
                0xffffffff8808f1ed                cc_apiSetupReq_U0
                0xffffffff8808f291                cc_InitU0
                0xffffffff8808f405                cc_mmPageBegin_U01
                0xffffffff8808f47d                cc_TWaitLuExp_U01
                0xffffffff8808f49d                cc_mmLocUp_U01
                0xffffffff8808f56d                cc_TRetryExp_U01
                0xffffffff8808f5b9                cc_T303Exp_U01
                0xffffffff8808f5e5                cc_mmServReq_U01
                0xffffffff8808f629                cc_mmEstabErr_U01
                0xffffffff8808f799                cc_apiDiscReq_U01
                0xffffffff8808f85d                cc_mmEstabCnf_U01
                0xffffffff8808fb49                cc_apiDiscReq_U1
                0xffffffff8808fc2d                cc_Connect_U1
                0xffffffff8808fdcd                cc_Alerting_U1
                0xffffffff8808feb9                cc_CallProceeding_U1
                0xffffffff8809009d                cc_InitU10
                0xffffffff880900a1                cc_CongCtrl_U10
                0xffffffff8809011d                cc_Notify_U10
                0xffffffff88090155                cc_apiNotifyReq_U10
                0xffffffff880901a9                cc_apiModifyRejReq_U10
                0xffffffff880902c5                cc_RtrvRej_U10
                0xffffffff88090355                cc_RtrvAck_U10
                0xffffffff880903c5                cc_HoldRej_U10
                0xffffffff88090451                cc_HoldAck_U10
                0xffffffff880904c5                cc_apiModifyCmpltReq_U10
                0xffffffff880905e9                cc_Modify_U10
                0xffffffff88090825                cc_ModifyRej_U10
                0xffffffff880908d1                cc_ModifyCmplt_U10
                0xffffffff88090971                cc_apiModifyReq_U10
                0xffffffff88090aa9                cc_TECTExp_U10
                0xffffffff88090acd                cc_mmReleaseInd_U10
                0xffffffff88090b89                cc_TMPTYExp_U10
                0xffffffff88090bed                cc_apiFacilityReq_U10
                0xffffffff88090ff9                cc_apiCallRtrvReq_U10
                0xffffffff88091085                cc_apiCallHoldReq_U10
                0xffffffff8809112d                cc_T305Exp_U11
                0xffffffff88091209                cc_apiRelReq_U12
                0xffffffff88091221                cc_T308Exp_U19
                0xffffffff880912c1                cc_Release_U19
                0xffffffff88091311                cc_apiCallConfReq_U6
                0xffffffff880914e1                cc_ConnectAck_U8
                0xffffffff88091599                cc_apiConnectReq_U9
                0xffffffff88091629                cc_apiAlertReq_U9
                0xffffffff88091699                CFW_CfgInit
                0xffffffff8809170d                CFW_CfgSimGetChvParam
                0xffffffff8809171d                CFW_CfgSimGetMicParam
                0xffffffff88091731                CFW_CfgSimGetSatParam
                0xffffffff88091775                CFW_CfgSimGetPbkParam
                0xffffffff880917bd                CFW_CfgSimParamsInit
                0xffffffff880918e5                NV_SetSmsSimOptStor
                0xffffffff8809192d                NV_GetSmsSimOptStor
                0xffffffff8809196d                NV_SetSmsSimOption
                0xffffffff880919b5                NV_GetSmsSimOption
                0xffffffff880919f5                NV_SetSmsSimParaml
                0xffffffff88091a69                NV_GetSmsSimParaml
                0xffffffff88091ad9                NV_SetSmsDefParamInd
                0xffffffff88091b21                NV_GetSmsDefParamInd
                0xffffffff88091b61                NV_SetSmsFullForNew
                0xffffffff88091ba9                NV_GetSmsFullForNew
                0xffffffff88091be9                NV_SetSmsOverInd
                0xffffffff88091c31                NV_GetSmsOverInd
                0xffffffff88091c71                NV_GetSmsStorage
                0xffffffff88091cb9                NV_SetSimSoftReset
                0xffffffff88091cf5                NV_SetGprsDwnSumSim
                0xffffffff88091d3d                NV_GetGprsDwnSumSim
                0xffffffff88091d81                NV_SetGprsUpSumSim
                0xffffffff88091dc9                NV_GetGprsUpSumSim
                0xffffffff88091e0d                NV_GetNwDetectMBS
                0xffffffff88091e41                NV_SetNwSimStoreLast
                0xffffffff88091e8d                NV_GetNwSimStoreLast
                0xffffffff88091ed1                NV_SetNwSimArfceList
                0xffffffff88091f39                NV_GetNwSimArfceList
                0xffffffff88091fa1                NV_SetNwSimBaCount
                0xffffffff88091fe9                NV_GetNwSimBaCount
                0xffffffff88092029                NV_SetNwSimPlmn
                0xffffffff8809208d                NV_GetNwSimPlmn
                0xffffffff880920e9                NV_SetNwSimFregBand
                0xffffffff88092131                NV_GetNwSimFregBand
                0xffffffff88092171                NV_SetNwSimFlightMode
                0xffffffff880921b5                NV_GetNwSimFlightMode
                0xffffffff880921f5                NV_SetNwSimWorkMode
                0xffffffff8809223d                NV_GetNwSimWorkMode
                0xffffffff8809227d                NV_SetGenImsiSim
                0xffffffff880922e1                NV_GetGenImsiSim
                0xffffffff8809233d                NV_GetGenIndEvent
                0xffffffff88092371                NV_GetGenMemInfo
                0xffffffff880923c9                NV_GetCmColpSim
                0xffffffff88092409                NV_GetCmClirSim
                0xffffffff88092449                NV_GetCmCcwaSim
                0xffffffff88092489                NV_SetCmPublic
                0xffffffff880924c5                NV_GetCmPublic
                0xffffffff880924f9                NV_SetTmAlarml
                0xffffffff88092565                NV_GetTmAlarml
                0xffffffff880925cd                NV_SetTmTime
                0xffffffff88092625                NV_GetTmBase
                0xffffffff88092679                NV_GetTmAlarm
                0xffffffff880926cd                NV_SetTmZone
                0xffffffff88092725                NV_GetTmZone
                0xffffffff88092779                NV_GetTmFormat
                0xffffffff880927cd                NV_Init
                0xffffffff880929d1                COS_GetHeapUsageStatus
                0xffffffff88092a15                csw_MemIint
                0xffffffff88092b55                COS_Free
                0xffffffff88092bd5                free
                0xffffffff88092be5                Stack_MsgFree
                0xffffffff88092bf9                CSW_Free
                0xffffffff88092c65                COS_UpdateMemCallAdd
                0xffffffff88092c75                COS_Malloc
                0xffffffff88092cf5                calloc
                0xffffffff88092d25                malloc
                0xffffffff88092d35                COS_Realloc
                0xffffffff88092d89                CSW_Malloc
                0xffffffff88092de9                Stack_MsgMalloc
                0xffffffff88092e2d                COS_Msec2Tick
                0xffffffff88092e3d                COS_Tick2Msec
                0xffffffff88092e4d                COS_SemaInited
                0xffffffff88092e5d                COS_MutexDestroy
                0xffffffff88092e85                COS_SemaDestroy
                0xffffffff88092ead                COS_MutexUnlock
                0xffffffff88092eed                COS_SemaRelease
                0xffffffff88092f25                COS_MutexLock
                0xffffffff88092f7d                COS_SemaTake
                0xffffffff88092fc1                COS_MutexInit
                0xffffffff88092fe5                COS_SemaInit
                0xffffffff88093009                COS_GetTickCount
                0xffffffff88093019                COS_UnlockMutex
                0xffffffff88093039                COS_LockMutex
                0xffffffff8809304d                COS_DeleteMutex
                0xffffffff88093061                COS_CreateMutex
                0xffffffff88093071                COS_ReleaseSemaphore
                0xffffffff88093089                COS_WaitForSemaphore
                0xffffffff880930a1                COS_DeleteSemaphore
                0xffffffff880930b9                COS_CreateSemaphore
                0xffffffff880930cd                COS_Sleep
                0xffffffff880930f1                COS_QueryCallbackTimer
                0xffffffff88093121                COS_StopCallbackTimer
                0xffffffff88093149                COS_StartCallbackTimer
                0xffffffff880931ad                COS_TaskCallbackNotif
                0xffffffff88093209                COS_TaskCallback
                0xffffffff88093239                COS_SendEvent
                0xffffffff8809326d                COS_KillTimerEX
                0xffffffff8809329d                COS_SetTimerEX
                0xffffffff880932e5                COS_IsEventAvailable
                0xffffffff88093301                COS_ResetEventQueue
                0xffffffff88093319                COS_SendSysEvent
                0xffffffff88093349                COS_TaskEventCount
                0xffffffff88093369                COS_WaitEvent
                0xffffffff88093401                COS_Assert
                0xffffffff88093459                COS_GetDefaultMmiTaskHandle
                0xffffffff88093481                COS_ResumeTask
                0xffffffff88093495                COS_SuspendTask
                0xffffffff880934a9                COS_DeleteTask
                0xffffffff880934c9                COS_GetCurrentTaskHandle
                0xffffffff880934d9                COS_SetLastError
                0xffffffff880934f1                COS_TaskCallbackSync
                0xffffffff8809355d                COS_TaskWaitEventHandled
                0xffffffff88093571                COS_CreateTask_Prv
                0xffffffff880935ed                COS_StartTask
                0xffffffff880935fd                COS_CreateTask
                0xffffffff88093679                COS_StopTask
                0xffffffff88093688                memd_ChangeDdr
                0xffffffff8809399c                memd_ChangeVcore
                0xffffffff880939c9                DM_BuzzerOpen
                0xffffffff880939dd                DM_BuzzerVibratingOff
                0xffffffff88093a25                DM_BuzzerVibratingOn
                0xffffffff88093a6d                DM_BuzzerStop
                0xffffffff88093a99                DM_BuzzerPlay
                0xffffffff88093bc9                DM_BuzzerDelayNmS
                0xffffffff88093bd9                DM_BuzzerSongMsg
                0xffffffff88093dcd                DM_GetStdKey
                0xffffffff88093de9                DM_KeyInit
                0xffffffff88093e11                DM_KeyHandler
                0xffffffff88093ec1                csw_SetResourceActivity
                0xffffffff88093f29                DM_KeyboardInit
                0xffffffff88093f49                DM_Init
                0xffffffff88093f75                Delay_for_audio
                0xffffffff88093f99                DM_SetSPKMuteFlag
                0xffffffff88093fa5                DM_GetSPKMuteFlag
                0xffffffff88093fb1                DM_ArsStopEx
                0xffffffff88093fc5                DM_ArsPauseEx
                0xffffffff88093fe1                DM_ArsRecordEx
                0xffffffff88094005                DM_ArsSetupEx
                0xffffffff88094021                DM_VoisRecordStopEx
                0xffffffff88094035                DM_VoisRecordStartEx
                0xffffffff88094051                DM_AudLoudspeakerWithEarpieceEx
                0xffffffff88094065                DM_AudMuteOutputDeviceEx
                0xffffffff88094079                DM_AudSetCurOutputDeviceEx
                0xffffffff8809408d                DM_AudForceReceiverMicSelectionEx
                0xffffffff880940a1                DM_AudTestModeSetupEx
                0xffffffff880940c5                DM_AudStreamRecordEx
                0xffffffff880940e5                DM_AudStreamPauseEx
                0xffffffff8809410d                DM_AudStreamStopEx
                0xffffffff88094129                DM_AudStreamStartEx
                0xffffffff88094149                DM_AudSetupEx
                0xffffffff88094165                DM_StartAudio
                0xffffffff880941a9                DM_StopAudio
                0xffffffff880941e9                Mic_open
                0xffffffff88094231                DM_MicOpen
                0xffffffff88094249                Mic_close
                0xffffffff88094295                DM_MicClose
                0xffffffff880942a9                Speaker_Open
                0xffffffff880942f1                DM_SpeakerOpen
                0xffffffff88094305                Speaker_Close
                0xffffffff88094351                DM_SpeakerClose
                0xffffffff88094365                DM_StopAudioEX
                0xffffffff880943dd                DM_ResumMic
                0xffffffff8809445d                DM_MuteMic
                0xffffffff880944d9                DM_SetAudioModeEX
                0xffffffff880945b5                DM_ResumSpeaker
                0xffffffff88094619                DM_MuteSpeaker
                0xffffffff880947a5                DM_sysMSleep
                0xffffffff880947b5                DM_StartAudioEX
                0xffffffff88094875                DM_SetAudioVolumeEX
                0xffffffff88094955                DM_SetMicGainEX
                0xffffffff88094aad                DM_ToneTimerHandlerEx
                0xffffffff88094c89                DM_SendAudOperResult
                0xffffffff88094d21                DM_ToneMsgHandlerEx
                0xffffffff88094f65                DM_GetAudSyncSlot
                0xffffffff88094fd1                DM_WaitAudOperResult
                0xffffffff8809507d                DM_StopTone
                0xffffffff880950cd                DM_StartRingTone
                0xffffffff88095131                DM_PlayTone
                0xffffffff88095211                DM_SetAudioVolume
                0xffffffff88095261                DM_SetAudioMode
                0xffffffff880952b5                DM_SetMicGain
                0xffffffff88095305                DM_AudInit
                0xffffffff8809534d                DM_CheckPowerOnCause
                0xffffffff880953cd                DM_PowerOnCheck
                0xffffffff88095415                DM_Reset
                0xffffffff88095435                DM_DeviceSwithOff
                0xffffffff88095499                DRV_FlashInit
                0xffffffff8809549d                DRV_FlashPowerUp
                0xffffffff880954a1                DRV_CacheGetNodeCount
                0xffffffff880954b1                DRV_SuspendIsEnable
                0xffffffff880954c1                DRV_CacheFlush
                0xffffffff880954d1                DRV_SuspendDisable
                0xffffffff880954e1                DRV_SuspendEnable
                0xffffffff880954f1                DRV_FlashRegionMap
                0xffffffff88095529                DRV_EraseFlashSectorResume
                0xffffffff88095595                DRV_WriteFlash
                0xffffffff88095655                DRV_ReadFlash
                0xffffffff88095719                DRV_EraseFlashSectorFirst
                0xffffffff880957c5                DRV_EraseFlashSector
                0xffffffff88095841                DRV_EraseAllUserDataSector
                0xffffffff880958ad                DRV_GpioSetMode
                0xffffffff880958b1                DRV_GpioSetLevel
                0xffffffff880958ed                DRV_GpioSetDirection
                0xffffffff88095941                DSM_GetDevType
                0xffffffff8809596d                DSM_GetDevModuleId
                0xffffffff88095999                DSM_GetDeviceInfo
                0xffffffff880959cd                DSM_SemInit
                0xffffffff880959e5                DSM_GetFsRootDevName
                0xffffffff88095a2d                DSM_DevName2DevNo
                0xffffffff88095a79                DSM_DevInit
                0xffffffff88095ddd                reportDTMFChar
                0xffffffff88095de1                DTMF_DetectStop
                0xffffffff88095e05                DTMF_DetectFinish
                0xffffffff88095e21                DTMF_DetectRun
                0xffffffff88095e69                DTMF_DetectStart
                0xffffffff88095ee9                DTMF_DetectPushVoiceData
                0xffffffff88095fb5                checkDtmfChar
                0xffffffff880960fd                DTMF_Detect_Process
                0xffffffff880961f1                dtmf_init_coeff
                0xffffffff880961f5                dtmf_validframe_check
                0xffffffff8809622d                tone_check_character
                0xffffffff880965a1                dtmf_check_character
                0xffffffff880968f1                FREE_TCcch_Data
                0xffffffff8809691d                SETPRESENT_TCcch_Data
                0xffffffff88096969                FREE_TccDl_Data
                0xffffffff88096995                SETPRESENT_TccDl_Data
                0xffffffff880969e1                FREE_TmmDl_Data
                0xffffffff88096a0d                SETPRESENT_TmmDl_Data
                0xffffffff88096a59                FREE_TDchD_Data
                0xffffffff88096a85                SETPRESENT_TDchD_Data
                0xffffffff88096b01                FACTORY_ReadField
                0xffffffff88096b45                FACTORY_SyncReadField
                0xffffffff88096bd1                factory_FlushEraseBegin
                0xffffffff88096df9                FACTORY_WriteField
                0xffffffff88096e45                FACTORY_SyncWriteField
                0xffffffff88096e75                FACTORY_Init
                0xffffffff88096fe9                FS_GetDeviceInfo
                0xffffffff88097011                FS_GetCurDir
                0xffffffff88097075                FS_PowerOn
                0xffffffff880970d1                FS_GetFileSize
                0xffffffff88097189                FS_IsEndOfFile
                0xffffffff88097211                FS_Seek
                0xffffffff88097371                FS_GetFileName
                0xffffffff88097451                FS_Flush
                0xffffffff880974d1                FS_ChangeSize
                0xffffffff88097631                FS_Truncate
                0xffffffff88097641                FS_RemoveDir
                0xffffffff88097805                FS_Delete
                0xffffffff88097985                FS_FindNextFile
                0xffffffff88097b05                FS_MakeDir
                0xffffffff88097c79                FS_Write
                0xffffffff88097d95                FS_Read
                0xffffffff88097eed                FS_Close
                0xffffffff88097fb5                FS_Open
                0xffffffff8809825d                FS_Create
                0xffffffff88098275                FS_FindFirstFile
                0xffffffff88098489                FS_ChangeDir
                0xffffffff880985f9                FS_FindClose
                0xffffffff880986a9                FS_GetDirSize
                0xffffffff88098ac1                FS_Mount
                0xffffffff88098cc9                FS_MountRoot
                0xffffffff88098e8d                FS_Rename
                0xffffffff880990dd                FS_GetFSInfo
                0xffffffff88099205                FS_Format
                0xffffffff880992f1                FS_HasFormatted
                0xffffffff880993a9                fs_set_error_code
                0xffffffff88099525                fs_get_free_sb
                0xffffffff8809955d                fs_find_sb
                0xffffffff88099599                fs_get_inode_super
                0xffffffff880995c5                fs_fd_list_add
                0xffffffff880995d9                fs_is_file_opened
                0xffffffff880995f1                fs_is_opened
                0xffffffff88099611                fs_get_partition_offset
                0xffffffff8809964d                fs_get_file_name
                0xffffffff8809966d                fs_write_inode
                0xffffffff8809968d                fs_file_truncate
                0xffffffff880996b5                fs_file_extend
                0xffffffff880996d9                fs_file_write
                0xffffffff880996fd                fs_file_read
                0xffffffff88099721                fs_trunc_file
                0xffffffff88099745                fs_create_file
                0xffffffff88099769                fs_do_unlink
                0xffffffff8809978d                fs_do_link
                0xffffffff880997ad                fs_fd_list_del
                0xffffffff880997e1                fs_read_mbr
                0xffffffff88099889                fs_read_super
                0xffffffff8809997d                fs_set_mbr_type
                0xffffffff880999f5                fs_write_mbr
                0xffffffff88099b55                fs_format
                0xffffffff88099cdd                fs_alloc_fd
                0xffffffff88099d11                fs_delete_sb
                0xffffffff88099d6d                fs_scan_disk
                0xffffffff88099e09                fs_has_formated
                0xffffffff88099e71                fs_set_work_dir
                0xffffffff8809a05d                fs_global_var_init
                0xffffffff8809a2e1                inode_list_add
                0xffffffff8809a2f5                inode_list_del
                0xffffffff8809a329                get_empty_inode
                0xffffffff8809a35d                iput
                0xffffffff8809a399                iget
                0xffffffff8809a451                is_file_name_valid
                0xffffffff8809a575                fs_findclose
                0xffffffff8809a625                fs_close
                0xffffffff8809a6c5                do_find_entry
                0xffffffff8809a7a5                fs_find_entry
                0xffffffff8809a7cd                dir_namei
                0xffffffff8809a8fd                namei
                0xffffffff8809a969                pattern_match_oem
                0xffffffff8809aad1                pattern_match
                0xffffffff8809ac85                format_dir_name
                0xffffffff8809ad09                fsm_IdxEvt
                0xffffffff8809ad35                fsm_FindEvt
                0xffffffff8809ad69                fsm_Save
                0xffffffff8809ae31                fsm_Retrieve
                0xffffffff8809ae99                fsm_Run
                0xffffffff8809b001                hal_AudDacGainDb2Val
                0xffffffff8809b019                hal_AudAdcGainDb2Val
                0xffffffff8809b035                hal_AudSetAdcVolume
                0xffffffff8809b055                hal_AudSetDacVolume
                0xffffffff8809b079                hal_AudEnableAuxpll
                0xffffffff8809b0e5                hal_AudEnableDSSI
                0xffffffff8809b131                hal_AudSetFmMode
                0xffffffff8809b1e9                hal_AbbEnableSim
                0xffffffff8809b231                hal_AbbEnableUsbPhy
                0xffffffff8809b251                hal_AudSetCodecMode
                0xffffffff8809b32d                hal_AudSetAdcSampleRate
                0xffffffff8809b48d                hal_AudSetSampleRate
                0xffffffff8809b591                hal_AudSetHPMode
                0xffffffff8809b5b9                hal_AudEnableCodecDsp
                0xffffffff8809b619                hal_AudEnableDac
                0xffffffff8809b655                hal_AudSetVoiceMode
                0xffffffff8809b695                hal_AbbIspiReadOutputSelect
                0xffffffff8809b6c5                hal_AbbOpen
                0xffffffff8809b81d                hal_DcacheFlushAll
                0xffffffff8809b851                hal_DcacheFlushAddrRange
                0xffffffff8809b899                hal_TimRtcSetTime
                0xffffffff8809b91d                hal_TimRtcNotProgrammed
                0xffffffff8809b92d                hal_TimRtcIrqSetMask
                0xffffffff8809b94d                hal_TimRtcSetAlarm
                0xffffffff8809b9c1                hal_TimRtcAlarmEnable
                0xffffffff8809b9d9                hal_TimRtcAlarmIrqSetHandler
                0xffffffff8809b9e5                hal_TimRtcIrqHandler
                0xffffffff8809ba55                hal_TimRtcGetTime
                0xffffffff8809bb19                hal_CameraSetVsyncInvert
                0xffffffff8809bb51                hal_CameraControllerEnable
                0xffffffff8809bb81                hal_CameraIrqHandler
                0xffffffff8809bbbd                hal_CameraSetupClockDivider
                0xffffffff8809bbf1                clkInitCAM
                0xffffffff8809bc1d                hal_CameraPowerDown
                0xffffffff8809bd79                hal_CameraReset
                0xffffffff8809bdd9                hal_CameraClose
                0xffffffff8809be39                hal_CameraOpen
                0xffffffff8809c189                hal_SwUserIsActive
                0xffffffff8809c19d                hal_SwReleaseClk
                0xffffffff8809c1b1                hal_SwRequestClk
                0xffffffff8809c221                hal_ClkGetRate
                0xffffffff8809c231                hal_ClkSetRate
                0xffffffff8809c245                hal_ClkIsEnabled
                0xffffffff8809c25d                hal_ClkDisable
                0xffffffff8809c26d                hal_ClkEnable
                0xffffffff8809c281                hal_ClkGet
                0xffffffff8809c291                hal_ClkInit
                0xffffffff8809c36d                hal_GoudaUpdateSerialTiming
                0xffffffff8809c3d9                hal_GoudaIsActive
                0xffffffff8809c3fd                hal_GoudaSetBlock
                0xffffffff8809c409                hal_GoudaSetBgColor
                0xffffffff8809c419                hal_GoudaGetBgColor
                0xffffffff8809c429                hal_GoudaIrqHandler
                0xffffffff8809c44d                clkInitLCD
                0xffffffff8809c479                hal_GoudaOvlLayerClose
                0xffffffff8809c4ad                hal_GoudaOvlLayerOpen
                0xffffffff8809c5a9                hal_GoudaWriteData
                0xffffffff8809c615                hal_GoudaWriteCmd
                0xffffffff8809c681                hal_GoudaReadData
                0xffffffff8809c801                hal_GoudaReadReg
                0xffffffff8809c871                hal_GoudaWriteReg
                0xffffffff8809c8fd                hal_GoudaInitResetPin
                0xffffffff8809c949                hal_GoudaBlitRoi2Ram
                0xffffffff8809ca3d                hal_GoudaBlitRoi
                0xffffffff8809cb65                hal_GoudaClose
                0xffffffff8809cc59                hal_GoudaSerialOpen
                0xffffffff8809ccf1                hal_GpioGetCfg
                0xffffffff8809ccf5                hal_GpioIrqHandler
                0xffffffff8809cd69                hal_GpioIrqSetHandler
                0xffffffff8809cdb1                hal_GpioResetIrq
                0xffffffff8809cdf9                hal_GpioIrqSetMask
                0xffffffff8809cf09                hal_GpioGet
                0xffffffff8809cf55                hal_GpioSetIn
                0xffffffff8809cf9d                hal_GpioSetOut
                0xffffffff8809cfe5                hal_GpioClose
                0xffffffff8809d069                hal_GpioOpen
                0xffffffff8809d111                hal_I2cUpdateDivider
                0xffffffff8809d1c1                hal_I2C_ReadRawByte
                0xffffffff8809d331                hal_I2C_SendRawByte
                0xffffffff8809d471                hal_I2C_ReadMem
                0xffffffff8809d7e1                hal_I2C_WriteMem
                0xffffffff8809db39                hal_I2C_Receive
                0xffffffff8809ddd1                hal_I2C_Transmit
                0xffffffff8809e069                clkInitI2C
                0xffffffff8809e095                hal_I2cClose
                0xffffffff8809e0c5                hal_I2cOpen
                0xffffffff8809e35d                hal_KeyClose
                0xffffffff8809e371                hal_KeyOnOffStateGet
                0xffffffff8809e381                hal_KeyOnOffStateAtPowerOn
                0xffffffff8809e3a9                hal_KeyIrqSetHandler
                0xffffffff8809e3c5                hal_KeyIrqSetMask
                0xffffffff8809e46d                hal_KeyIrqHandler
                0xffffffff8809e5f5                hal_KeyRemoteHandler
                0xffffffff8809e65d                hal_KeyOpen
                0xffffffff8809e779                hal_RegisterYourself
                0xffffffff8809e795                hal_SdioUpdateDivider
                0xffffffff8809e7d1                hal_SdioIrqHandler
                0xffffffff8809e7e9                clkInitSDIO
                0xffffffff8809e815                hal_SdmmcSetClkMode
                0xffffffff8809e851                hal_SdmmcSendCmd
                0xffffffff8809e939                hal_SdmmcCmdDone
                0xffffffff8809e94d                hal_SdmmcUpdateDivider
                0xffffffff8809e989                hal_SdmmcGetOpStatus
                0xffffffff8809e999                hal_SdmmcEnterDataTransferMode
                0xffffffff8809e9b1                hal_SdmmcIsBusy
                0xffffffff8809e9e5                clkInitSDMMC
                0xffffffff8809ea11                hal_SdmmcSetDataWidth
                0xffffffff8809ea41                hal_SdmmcGetResp
                0xffffffff8809eaf9                hal_SdmmcNeedResponse
                0xffffffff8809eb85                hal_SdmmcStopTransfer
                0xffffffff8809ebf5                hal_SdmmcTransferDone
                0xffffffff8809ec79                hal_SdmmcTransfer
                0xffffffff8809ed0d                hal_SdmmcSetClk
                0xffffffff8809ed41                hal_SdmmcSleep
                0xffffffff8809ed59                hal_SdmmcClose
                0xffffffff8809ed91                hal_SdmmcWakeUp
                0xffffffff8809edc5                hal_SdmmcOpen
                0xffffffff8809ee3d                hal_SdmmcUpdateDivider_2
                0xffffffff8809ee79                clkInitSDMMC2
                0xffffffff8809eea5                hal_UartEnable
                0xffffffff8809ef89                hal_UartDisable
                0xffffffff8809f085                hal_UartIrqHandler
                0xffffffff8809f0fd                clkInitUART2
                0xffffffff8809f129                clkInitUART1
                0xffffffff8809f155                hal_UartFifoFlush
                0xffffffff8809f199                hal_UartTxFifoAvailable
                0xffffffff8809f1ed                hal_UartIrqSetMask
                0xffffffff8809f23d                hal_UartIrqSetHandler
                0xffffffff8809f27d                hal_UartSetRts
                0xffffffff8809f2cd                hal_UartClearErrorStatus
                0xffffffff8809f305                hal_UartRxDmaDone
                0xffffffff8809f39d                hal_UartRxFifoLevel
                0xffffffff8809f3ed                hal_UartTxFinished
                0xffffffff8809f451                hal_UartTxDmaDone
                0xffffffff8809f4f9                hal_UartOpen
                0xffffffff8809f83d                hal_UartRxDmaPurgeFifo
                0xffffffff8809f8b9                hal_UartRxDmaFifoEmpty
                0xffffffff8809f935                hal_UartRxDmaLevel
                0xffffffff8809f9b1                hal_UartRxDmaStop
                0xffffffff8809fa69                hal_UartClose
                0xffffffff8809fb61                hal_UartGetData
                0xffffffff8809fced                hal_UartSendData
                0xffffffff8809fe2d                hal_UsbDescriptorNewCSInterfaceDescriptor
                0xffffffff8809fe5d                hal_UsbDescriptorCopyInterfaceDescriptor
                0xffffffff8809feed                l1a_HighBandChangeReq
                0xffffffff8809ff4d                itf_ConvTxRmtMsg
                0xffffffff8809ff51                itf_ConvRxRmtMsg
[...]
                0xffffffff881e9f34                CSN1Action_cc_2266540147
                0xffffffff881e9f3c                CSN1Action_cc_1030016365
                0xffffffff881e9f4c                CSN1Action_cc_3081063057
                0xffffffff881e9f50                CSN1Action_cc_3536840962
                0xffffffff881e9f58                CSN1Action_cc_2359866880
                0xffffffff881e9f68                CSN1Action_cc_2075517348
                0xffffffff881e9f6c                CSN1Action_cc_843726042
                0xffffffff881e9f74                CSN1Action_cc_809313225
                0xffffffff881e9f78                CSN1Action_cc_3710005275
                0xffffffff881e9f80                CSN1Action_cc_3722580566
                0xffffffff881e9f90                CSN1Action_cc_3749297656
                0xffffffff881e9f98                CSN1Action_cc_2797395583
                0xffffffff881e9fa8                CSN1Action_cc_1897139565
                0xffffffff881e9fb0                CSN1Action_cc_2250900012
                0xffffffff881e9fc0                CSN1Action_cc_410193901
                0xffffffff881e9fc8                CSN1Action_cc_3455978900
                0xffffffff881e9fd8                CSN1Action_cc_2385887278
                0xffffffff881e9fe0                CSN1Action_cc_658164215
                0xffffffff881e9ff0                CSN1Action_cc_4224949542
                0xffffffff881e9ff8                CSN1Action_cc_3796135119
                0xffffffff881ea008                CSN1Action_cc_4221717494
                0xffffffff881ea018                CSN1Action_cc_979837026
                0xffffffff881ea028                CSN1Action_cc_3605156616
                0xffffffff881ea030                CSN1Action_cc_1825751974
                0xffffffff881ea034                CSN1Action_cc_4182485271
                0xffffffff881ea03c                CSN1Action_cc_1666300355
                0xffffffff881ea04c                CSN1Action_cc_1040633023
                0xffffffff881ea054                CSN1Action_cc_2762766377
                0xffffffff881ea064                CSN1Action_cc_963504207
                0xffffffff881ea074                CSN1Action_cc_3017240667
                0xffffffff881ea084                CSN1Action_cc_1229674022
                0xffffffff881ea094                CSN1Action_cc_529167968
                0xffffffff881ea0a4                CSN1Action_cc_2914849624
                0xffffffff881ea0b4                CSN1Action_cc_210500043
                0xffffffff881ea0bc                CSN1Action_cc_964346841
                0xffffffff881ea0c0                CSN1Action_cc_2213595614
                0xffffffff881ea0c8                CSN1Action_cc_2813987237
                0xffffffff881ea0d8                CSN1Action_cc_1683811483
                0xffffffff881ea0e0                CSN1Action_cc_1354706373
                0xffffffff881ea0e4                CSN1Action_cc_607771889
                0xffffffff881ea0ec                CSN1Action_cc_841036727
                0xffffffff881ea0fc                CSN1Action_cc_737192080
                0xffffffff881ea10c                CSN1Action_cc_262739892
                0xffffffff881ea110                CSN1Action_cc_2853052809
                0xffffffff881ea120                CSN1Action_cc_91856451
                0xffffffff881ea130                CSN1Action_cc_2731816533
                0xffffffff881ea134                CSN1Action_cc_4010734005
                0xffffffff881ea13c                CSN1Action_cc_2533015138
                0xffffffff881ea140                CSN1Action_cc_726173617
                0xffffffff881ea144                CSN1Action_cc_982304886
                0xffffffff881ea148                CSN1Action_cc_2281177646
                0xffffffff881ea14c                CSN1Action_cc_3774523959
                0xffffffff881ea150                CSN1Action_cc_1817136603
                0xffffffff881ea154                CSN1Action_cc_3833634472
                0xffffffff881ea158                CSN1Action_cc_732217282
                0xffffffff881ea15c                CSN1Action_cc_4165700834
                0xffffffff881ea160                CSN1Action_cc_254209780
                0xffffffff881ea164                CSN1Action_cc_3570087538
                0xffffffff881ea16c                CSN1Action_cc_3766743187
                0xffffffff881ea174                CSN1Action_cc_1616868386
                0xffffffff881ea184                CSN1Action_cc_1595149866
                0xffffffff881ea188                CSN1Action_cc_2826991294
                0xffffffff881ea190                CSN1Action_cc_1746019740
                0xffffffff881ea194                CSN1Action_cc_2073452316
                0xffffffff881ea198                CSN1Action_cc_2473106058
                0xffffffff881ea19c                CSN1Action_cc_907963356
                0xffffffff881ea1a4                CSN1Action_cc_1440400685
                0xffffffff881ea1a8                CSN1Action_cc_370191430
                0xffffffff881ea1ac                CSN1Action_cc_2247516746
                0xffffffff881ea1b0                CSN1Action_cc_809346664
                0xffffffff881ea1b8                CSN1Action_cc_4049487921
                0xffffffff881ea1bc                CSN1Action_cc_3441249010
                0xffffffff881ea1c0                CSN1Action_cc_4172668897
                0xffffffff881ea1c8                CSN1Action_cc_1136845788
                0xffffffff881ea1cc                CSN1Action_cc_1713566261
                0xffffffff881ea1d4                CSN1Action_cc_2597421497
                0xffffffff881ea1d8                CSN1Action_cc_3170572631
                0xffffffff881ea1e0                CSN1Action_cc_2295125808
                0xffffffff881ea1e4                CSN1Action_cc_1897261891
                0xffffffff881ea1ec                CSN1Action_cc_379913519
                0xffffffff881ea1f0                CSN1Action_cc_988398749
                0xffffffff881ea1f8                CSN1Action_cc_3651848284
                0xffffffff881ea1fc                CSN1Action_cc_137022685
                0xffffffff881ea204                CSN1Action_cc_3157119530
                0xffffffff881ea208                CSN1Action_cc_2947784073
                0xffffffff881ea210                CSN1Action_cc_3926522531
                0xffffffff881ea214                CSN1Action_cc_2079062065
                0xffffffff881ea21c                CSN1Action_cc_323156570
                0xffffffff881ea220                CSN1Action_cc_1681691394
                0xffffffff881ea228                CSN1Action_cc_1659318371
                0xffffffff881ea22c                CSN1Action_cc_3919518660
                0xffffffff881ea230                CSN1Action_cc_2305931879
                0xffffffff881ea234                CSN1Action_cc_2635619618
                0xffffffff881ea23c                CSN1Action_cc_2987918999
                0xffffffff881ea240                CSN1Action_cc_2216290462
                0xffffffff881ea244                CSN1Action_cc_1456211332
                0xffffffff881ea24c                CSN1Action_cc_1148664851
                0xffffffff881ea250                CSN1Action_cc_3915597396
                0xffffffff881ea254                CSN1Action_cc_639863330
                0xffffffff881ea258                CSN1Action_cc_3020441812
                0xffffffff881ea25c                CSN1Action_cc_3752490235
                0xffffffff881ea264                CSN1Action_cc_3644256291
                0xffffffff881ea268                CSN1Action_cc_1352558557
                0xffffffff881ea270                CSN1Action_cc_3675174633
                0xffffffff881ea278                CSN1Action_cc_2705093056
                0xffffffff881ea280                CSN1Action_cc_2079674404
                0xffffffff881ea284                CSN1Action_cc_2692186587
                0xffffffff881ea288                CSN1Action_cc_4059339386
                0xffffffff881ea28c                CSN1Action_cc_2694560168
                0xffffffff881ea290                CSN1Action_cc_215255762
                0xffffffff881ea298                CSN1Action_cc_676031829
                0xffffffff881ea29c                CSN1Action_cc_637602828
                0xffffffff881ea2a0                CSN1Action_cc_310141753
                0xffffffff881ea2a8                CSN1Action_cc_1128824597
                0xffffffff881ea2ac                CSN1Action_cc_42163514
                0xffffffff881ea2b0                CSN1Action_cc_866215047
                0xffffffff881ea2b8                CSN1Action_cc_3942000816
                0xffffffff881ea2c0                CSN1Action_cc_45900188
                0xffffffff881ea2d0                CSN1Action_cc_4010655922
                0xffffffff881ea2d4                CSN1Action_cc_2547294548
                0xffffffff881ea2dc                CSN1Action_cc_2030010
                0xffffffff881ea2e0                CSN1Action_cc_2190160872
                0xffffffff881ea2e4                CSN1Action_cc_257741642
                0xffffffff881ea2e8                CSN1Action_cc_599709352
                0xffffffff881ea2f0                CSN1Action_cc_2677374129
                0xffffffff881ea2f4                CSN1Action_cc_2800048813
                0xffffffff881ea2f8                CSN1Action_cc_3446269274
                0xffffffff881ea300                CSN1Action_cc_3666336121
                0xffffffff881ea304                CSN1Action_cc_2291995947
                0xffffffff881ea308                CSN1Action_cc_2785632990
                0xffffffff881ea30c                CSN1Action_cc_3685612832
                0xffffffff881ea310                CSN1Action_cc_3414644666
                0xffffffff881ea318                CSN1Action_cc_3395391009
                0xffffffff881ea31c                CSN1Action_cc_3686771038
                0xffffffff881ea324                CSN1Action_cc_2506752940
                0xffffffff881ea328                CSN1Action_cc_1267203926
                0xffffffff881ea32c                CSN1Action_cc_1301849335
                0xffffffff881ea334                CSN1Action_cc_923475874
                0xffffffff881ea338                CSN1Action_cc_1502008668
                0xffffffff881ea33c                CSN1Action_cc_1347901770
                0xffffffff881ea340                CSN1Action_cc_1877579283
                0xffffffff881ea344                CSN1Action_cc_3462442878
                0xffffffff881ea348                CSN1Action_cc_1862643296
                0xffffffff881ea34c                CSN1Action_cc_535937020
                0xffffffff881ea350                CSN1Action_cc_2097448042
                0xffffffff881ea354                CSN1Action_cc_564128041
                0xffffffff881ea358                CSN1Action_cc_276985648
                0xffffffff881ea35c                CSN1Action_cc_1935931641
                0xffffffff881ea360                CSN1Action_cc_1265354533
                0xffffffff881ebd5c                OperatorInfo
                0xffffffff881ee6f0                SpecialOperatorInfo
                0xffffffff881ef628                IPCP_OPTION
                0xffffffff881f1008                TerminalResponse
                0xffffffff881f1014                ResponseText
                0xffffffff881f1018                ResponseItem
                0xffffffff881f101c                MenuSelection
                0xffffffff881f1028                EventDownload
                0xffffffff881f1034                TimerExpirationDownload
                0xffffffff881f1044                ResponseLocalInfo
                0xffffffff881f1050                ResponseMeasure
                0xffffffff881f1064                ResponseDateTime
                0xffffffff881f1070                ResponseLanguage
                0xffffffff881f1074                ResponseTimingAdvance
                0xffffffff881f1078                ResponseCardStatus
                0xffffffff881f1bf4                CSW_RID_3G
                0xffffffff881f3478                KnownL3IEs
                0xffffffff881f42e8                ethbroadcast
                0xffffffff881f42f0                ethzero
                0xffffffff881f4994                g_halOverlayDesc
                0xffffffff881f4ab4                ip_addr_any_type
                0xffffffff881f5080                ip_addr_any
                0xffffffff881f5098                ip_addr_broadcast
                0xffffffff881f58d0                ip6_addr_any
                0xffffffff881f59e0                lap_ControlField
                0xffffffff881f59e8                lap_SupervisoryFrame
                0xffffffff881f59f0                lap_TabN200
                0xffffffff881f59f4                llc_DummyFcs
                0xffffffff881f5a68                SupervisoryFrmName
                0xffffffff881f5a78                llc_UFrmName
                0xffffffff881f5b08                mac_PdchDist
                0xffffffff881f5d28                memp_RAW_PCB
                0xffffffff881f5d30                memp_UDP_PCB
                0xffffffff881f5d38                memp_TCP_PCB
                0xffffffff881f5d40                memp_TCP_PCB_LISTEN
                0xffffffff881f5d48                memp_TCP_SEG
                0xffffffff881f5d50                memp_ALTCP_PCB
                0xffffffff881f5d58                memp_REASSDATA
                0xffffffff881f5d60                memp_FRAG_PBUF
                0xffffffff881f5d68                memp_NETBUF
                0xffffffff881f5d70                memp_NETCONN
                0xffffffff881f5d78                memp_TCPIP_MSG_API
                0xffffffff881f5d80                memp_API_MSG
                0xffffffff881f5d88                memp_DNS_API_MSG
                0xffffffff881f5d90                memp_SOCKET_SETGETSOCKOPT_DATA
                0xffffffff881f5d98                memp_TCPIP_MSG_INPKT
                0xffffffff881f5da0                memp_NETDB
                0xffffffff881f5da8                memp_ND6_QUEUE
                0xffffffff881f5db0                memp_IP6_REASSDATA
                0xffffffff881f5db8                memp_MLD6_GROUP
                0xffffffff881f5dc0                memp_PBUF
                0xffffffff881f5dc8                memp_PBUF_POOL
                0xffffffff881f5dd0                memp_pools
                0xffffffff881f612c                codec_wav_tags
                0xffffffff881f6520                PCMSamplesRate
                0xffffffff881f65cc                M51BCCH
                0xffffffff881f84e0                memp_PPP_PCB
                0xffffffff881f84f4                memp_PPPAPI_MSG
                0xffffffff881f87a4                memp_PPPOS_PCB
                0xffffffff881f8960                rr_TxInteger
                0xffffffff881f8970                rr_SComb
                0xffffffff881f8980                rr_SNComb
                0xffffffff881f8990                rr_MaxRetrans
                0xffffffff881f8994                rr_RrToApiFrqBand
                0xffffffff881fd679                netconn_aborted
                0xffffffff881fd67a                netconn_reset
                0xffffffff881fd67b                netconn_closed
                0xffffffff881fe378                tcp_pcb_lists
                0xffffffff88201d08                IF1_475_table
                0xffffffff88201dc8                IF1_515_table
                0xffffffff88201e98                IF1_59_table
                0xffffffff88201f84                IF1_67_table
                0xffffffff88202090                IF1_74_table
                0xffffffff882021b8                IF1_795_table
                0xffffffff882022f8                IF1_102_table
                0xffffffff88202490                IF1_122_table
                0xffffffff88202678                AmrHead_table
                0xffffffff88202680                SNDRECBUF_LEN_AMR
                0xffffffff882026a0                Voc_frame_bytes
                0xffffffff88202bb4                g_charsets
                0xffffffff88204468                aiuser_itf
                0xffffffff88204c1c                AMR_HEADER
                0xffffffff88207aa0                mbedtls_rsa_info
                0xffffffff88207ad0                mbedtls_eckey_info
                0xffffffff88207b00                mbedtls_eckeydh_info
                0xffffffff88207b30                mbedtls_ecdsa_info
                0xffffffff8820a29c                mbedtls_x509_crt_profile_default
                0xffffffff8820a2ac                mbedtls_x509_crt_profile_suiteb
                0xffffffff8820a390                altcp_tcp_functions
                0xffffffff8820a704                altcp_mbedtls_functions
                0xffffffff8820a858                mbedtls_cipher_definitions
                0xffffffff8820cc54                mbedtls_md4_info
                0xffffffff8820cc84                mbedtls_md5_info
                0xffffffff8820ccb4                mbedtls_ripemd160_info
                0xffffffff8820cce4                mbedtls_sha1_info
                0xffffffff8820cd14                mbedtls_sha224_info
                0xffffffff8820cd44                mbedtls_sha256_info
                0xffffffff8820cd74                mbedtls_sha384_info
                0xffffffff8820cda4                mbedtls_sha512_info
LOAD hex/app/app.elf
LOAD hex/app/SW_V2130_csdk.elf
OUTPUT(C:/Users/hosse/OneDrive/Desktop/Geektori/Hardware_A9/hex/app/app_BASE_csdk_debug.elf elf32-littlemips)

.comment        0x0000000000000000       0x56
 .comment       0x0000000000000000       0x31 hex/app/SW_V2130_csdk.elf
 .comment       0x0000000000000031       0x25 hex/app/app.elf

.reginfo        0x0000000000000000       0x18
 .reginfo       0x0000000000000000       0x18 hex/app/app.elf

.gnu.attributes
                0x0000000000000000       0x10
 .gnu.attributes
                0x0000000000000000       0x10 hex/app/app.elf

.debug_aranges  0x0000000000000000    0x1a138
 .debug_aranges
                0x0000000000000000    0x1a058 hex/app/SW_V2130_csdk.elf
 .debug_aranges
                0x000000000001a058       0xe0 hex/app/app.elf

.debug_pubnames
                0x0000000000000000    0x5ffd1
 .debug_pubnames
                0x0000000000000000    0x5fdd9 hex/app/SW_V2130_csdk.elf
 .debug_pubnames
                0x000000000005fdd9      0x1f8 hex/app/app.elf

.debug_info     0x0000000000000000   0x50e8d4
 .debug_info    0x0000000000000000   0x503cdf hex/app/SW_V2130_csdk.elf
 .debug_info    0x0000000000503cdf     0xabf5 hex/app/app.elf

.debug_abbrev   0x0000000000000000    0x67ff0
 .debug_abbrev  0x0000000000000000    0x67a8b hex/app/SW_V2130_csdk.elf
 .debug_abbrev  0x0000000000067a8b      0x565 hex/app/app.elf

.debug_line     0x0000000000000000    0xd7ded
 .debug_line    0x0000000000000000    0xd75bb hex/app/SW_V2130_csdk.elf
 .debug_line    0x00000000000d75bb      0x832 hex/app/app.elf

.debug_frame    0x0000000000000000    0x4b428
 .debug_frame   0x0000000000000000    0x4b184 hex/app/SW_V2130_csdk.elf
 .debug_frame   0x000000000004b184      0x2a4 hex/app/app.elf

.debug_str      0x0000000000000000    0xa74f6
 .debug_str     0x0000000000000000    0xa7159 hex/app/SW_V2130_csdk.elf
 .debug_str     0x00000000000a7159      0x39d hex/app/app.elf
                                       0x4d6e (size before relaxing)

.debug_loc      0x0000000000000000   0x1689fa
 .debug_loc     0x0000000000000000   0x168442 hex/app/SW_V2130_csdk.elf
 .debug_loc     0x0000000000168442      0x5b8 hex/app/app.elf

.debug_ranges   0x0000000000000000       0xd0
 .debug_ranges  0x0000000000000000       0xd0 hex/app/app.elf
