Archive member included because of file (symbol)

C:/Users/hosse/OneDrive/Desktop/Geektori/Hardware_A9/build/app/init/lib\libinit_debug.a(sdk_init.o)
                              (user_Main)
C:/Users/hosse/OneDrive/Desktop/Geektori/Hardware_A9/build/app/app/lib\libapp_debug.a(app.o)
                              C:/Users/hosse/OneDrive/Desktop/Geektori/Hardware_A9/build/app/init/lib\libinit_debug.a(sdk_init.o) (app_Main)
C:/Users/hosse/OneDrive/Desktop/Geektori/Hardware_A9/build/app/app/lib\libapp_debug.a(sms.o)
                              C:/Users/hosse/OneDrive/Desktop/Geektori/Hardware_A9/build/app/app/lib\libapp_debug.a(app.o) (SMS_TestTask)
C:/Users/hosse/OneDrive/Desktop/Geektori/Hardware_A9/build/app/app/lib\libapp_debug.a(uart.o)
                              C:/Users/hosse/OneDrive/Desktop/Geektori/Hardware_A9/build/app/app/lib\libapp_debug.a(sms.o) (uart_sender_int)

Allocating common symbols
Common symbol       size              file

temp000___          0x4               C:/Users/hosse/OneDrive/Desktop/Geektori/Hardware_A9/build/app/init/lib\libinit_debug.a(sdk_init.o)
sms_data            0x200             C:/Users/hosse/OneDrive/Desktop/Geektori/Hardware_A9/build/app/app/lib\libapp_debug.a(sms.o)
smsLen              0x4               C:/Users/hosse/OneDrive/Desktop/Geektori/Hardware_A9/build/app/app/lib\libapp_debug.a(sms.o)

Discarded input sections

 .text          0x0000000000000000        0x0 C:/Users/hosse/OneDrive/Desktop/Geektori/Hardware_A9/build/app/init/lib\libinit_debug.a(sdk_init.o)
 .data          0x0000000000000000        0x0 C:/Users/hosse/OneDrive/Desktop/Geektori/Hardware_A9/build/app/init/lib\libinit_debug.a(sdk_init.o)
 .bss           0x0000000000000000        0x0 C:/Users/hosse/OneDrive/Desktop/Geektori/Hardware_A9/build/app/init/lib\libinit_debug.a(sdk_init.o)
 .pdr           0x0000000000000000       0x40 C:/Users/hosse/OneDrive/Desktop/Geektori/Hardware_A9/build/app/init/lib\libinit_debug.a(sdk_init.o)
 .text          0x0000000000000000        0x0 C:/Users/hosse/OneDrive/Desktop/Geektori/Hardware_A9/build/app/app/lib\libapp_debug.a(app.o)
 .data          0x0000000000000000        0x0 C:/Users/hosse/OneDrive/Desktop/Geektori/Hardware_A9/build/app/app/lib\libapp_debug.a(app.o)
 .bss           0x0000000000000000        0x0 C:/Users/hosse/OneDrive/Desktop/Geektori/Hardware_A9/build/app/app/lib\libapp_debug.a(app.o)
 .reginfo       0x0000000000000000       0x18 C:/Users/hosse/OneDrive/Desktop/Geektori/Hardware_A9/build/app/app/lib\libapp_debug.a(app.o)
 .pdr           0x0000000000000000       0xa0 C:/Users/hosse/OneDrive/Desktop/Geektori/Hardware_A9/build/app/app/lib\libapp_debug.a(app.o)
 .text          0x0000000000000000        0x0 C:/Users/hosse/OneDrive/Desktop/Geektori/Hardware_A9/build/app/app/lib\libapp_debug.a(sms.o)
 .data          0x0000000000000000        0x0 C:/Users/hosse/OneDrive/Desktop/Geektori/Hardware_A9/build/app/app/lib\libapp_debug.a(sms.o)
 .bss           0x0000000000000000        0x0 C:/Users/hosse/OneDrive/Desktop/Geektori/Hardware_A9/build/app/app/lib\libapp_debug.a(sms.o)
 .reginfo       0x0000000000000000       0x18 C:/Users/hosse/OneDrive/Desktop/Geektori/Hardware_A9/build/app/app/lib\libapp_debug.a(sms.o)
 .pdr           0x0000000000000000       0xe0 C:/Users/hosse/OneDrive/Desktop/Geektori/Hardware_A9/build/app/app/lib\libapp_debug.a(sms.o)
 .text          0x0000000000000000        0x0 C:/Users/hosse/OneDrive/Desktop/Geektori/Hardware_A9/build/app/app/lib\libapp_debug.a(uart.o)
 .data          0x0000000000000000        0x0 C:/Users/hosse/OneDrive/Desktop/Geektori/Hardware_A9/build/app/app/lib\libapp_debug.a(uart.o)
 .bss           0x0000000000000000        0x0 C:/Users/hosse/OneDrive/Desktop/Geektori/Hardware_A9/build/app/app/lib\libapp_debug.a(uart.o)
 .reginfo       0x0000000000000000       0x18 C:/Users/hosse/OneDrive/Desktop/Geektori/Hardware_A9/build/app/app/lib\libapp_debug.a(uart.o)
 .pdr           0x0000000000000000       0xe0 C:/Users/hosse/OneDrive/Desktop/Geektori/Hardware_A9/build/app/app/lib\libapp_debug.a(uart.o)
 .text.SEN_response
                0x0000000000000000       0x80 C:/Users/hosse/OneDrive/Desktop/Geektori/Hardware_A9/build/app/app/lib\libapp_debug.a(uart.o)

Memory Configuration

Name             Origin             Length             Attributes
*default*        0x0000000000000000 0xffffffffffffffff

Linker script and memory map

LOAD C:/Users/hosse/OneDrive/Desktop/Geektori/Hardware_A9/platform/chip/rom/8955/lib/mem_bridge_rom_CHIP.elf
                0xffffffff88240000                . = 0xffffffff88240000
                0xffffffff88240000                __rom_start = .

.section_init   0xffffffff88240000       0x10
 *(.section_init)
 .section_init  0xffffffff88240000        0x8 C:/Users/hosse/OneDrive/Desktop/Geektori/Hardware_A9/build/app/init/lib\libinit_debug.a(sdk_init.o)
                0xffffffff88240010                . = ALIGN (0x10)
 *fill*         0xffffffff88240008        0x8 00

.cust_rotext    0xffffffff88240010      0x930
 *(.text)
 *(.text.*)
 .text.user_Main
                0xffffffff88240010       0x1c C:/Users/hosse/OneDrive/Desktop/Geektori/Hardware_A9/build/app/init/lib\libinit_debug.a(sdk_init.o)
                0xffffffff88240011                user_Main
 .text.user_Init
                0xffffffff8824002c       0x48 C:/Users/hosse/OneDrive/Desktop/Geektori/Hardware_A9/build/app/init/lib\libinit_debug.a(sdk_init.o)
                0xffffffff8824002d                user_Init
 .text.MainEventDispatch
                0xffffffff88240074       0xd4 C:/Users/hosse/OneDrive/Desktop/Geektori/Hardware_A9/build/app/app/lib\libapp_debug.a(app.o)
                0xffffffff88240075                MainEventDispatch
 .text.MainTask
                0xffffffff88240148       0xa0 C:/Users/hosse/OneDrive/Desktop/Geektori/Hardware_A9/build/app/app/lib\libapp_debug.a(app.o)
                0xffffffff88240149                MainTask
 .text.app_Main
                0xffffffff882401e8       0x48 C:/Users/hosse/OneDrive/Desktop/Geektori/Hardware_A9/build/app/app/lib\libapp_debug.a(app.o)
                0xffffffff882401e9                app_Main
 .text.Stop_Hi_scenario_timer
                0xffffffff88240230       0x80 C:/Users/hosse/OneDrive/Desktop/Geektori/Hardware_A9/build/app/app/lib\libapp_debug.a(app.o)
                0xffffffff88240231                Stop_Hi_scenario_timer
 .text.Hi_scenario_timer
                0xffffffff882402b0       0x80 C:/Users/hosse/OneDrive/Desktop/Geektori/Hardware_A9/build/app/app/lib\libapp_debug.a(app.o)
                0xffffffff882402b1                Hi_scenario_timer
 .text.send_sms
                0xffffffff88240330       0x1c C:/Users/hosse/OneDrive/Desktop/Geektori/Hardware_A9/build/app/app/lib\libapp_debug.a(sms.o)
                0xffffffff88240331                send_sms
 .text.sms_clearAll
                0xffffffff8824034c       0xc4 C:/Users/hosse/OneDrive/Desktop/Geektori/Hardware_A9/build/app/app/lib\libapp_debug.a(sms.o)
                0xffffffff8824034d                sms_clearAll
 .text.SMSInit  0xffffffff88240410       0x60 C:/Users/hosse/OneDrive/Desktop/Geektori/Hardware_A9/build/app/app/lib\libapp_debug.a(sms.o)
                0xffffffff88240411                SMSInit
 .text.sms_send
                0xffffffff88240470       0xb8 C:/Users/hosse/OneDrive/Desktop/Geektori/Hardware_A9/build/app/app/lib\libapp_debug.a(sms.o)
                0xffffffff88240471                sms_send
 .text.send_who
                0xffffffff88240528       0x88 C:/Users/hosse/OneDrive/Desktop/Geektori/Hardware_A9/build/app/app/lib\libapp_debug.a(sms.o)
                0xffffffff88240529                send_who
 .text.SmsEventDispatch
                0xffffffff882405b0       0x84 C:/Users/hosse/OneDrive/Desktop/Geektori/Hardware_A9/build/app/app/lib\libapp_debug.a(sms.o)
                0xffffffff882405b1                SmsEventDispatch
 .text.SMS_TestTask
                0xffffffff88240634       0x50 C:/Users/hosse/OneDrive/Desktop/Geektori/Hardware_A9/build/app/app/lib\libapp_debug.a(sms.o)
                0xffffffff88240635                SMS_TestTask
 .text.HI_response
                0xffffffff88240684       0x38 C:/Users/hosse/OneDrive/Desktop/Geektori/Hardware_A9/build/app/app/lib\libapp_debug.a(uart.o)
                0xffffffff88240685                HI_response
 .text.WHO_response
                0xffffffff882406bc       0x78 C:/Users/hosse/OneDrive/Desktop/Geektori/Hardware_A9/build/app/app/lib\libapp_debug.a(uart.o)
                0xffffffff882406bd                WHO_response
 .text.uart_sender_int
                0xffffffff88240734       0x48 C:/Users/hosse/OneDrive/Desktop/Geektori/Hardware_A9/build/app/app/lib\libapp_debug.a(uart.o)
                0xffffffff88240735                uart_sender_int
 .text.uart_sender
                0xffffffff8824077c       0x48 C:/Users/hosse/OneDrive/Desktop/Geektori/Hardware_A9/build/app/app/lib\libapp_debug.a(uart.o)
                0xffffffff8824077d                uart_sender
 .text.uart1DataParser
                0xffffffff882407c4       0xb8 C:/Users/hosse/OneDrive/Desktop/Geektori/Hardware_A9/build/app/app/lib\libapp_debug.a(uart.o)
                0xffffffff882407c5                uart1DataParser
 .text.UART_TestTask
                0xffffffff8824087c       0xbc C:/Users/hosse/OneDrive/Desktop/Geektori/Hardware_A9/build/app/app/lib\libapp_debug.a(uart.o)
                0xffffffff8824087d                UART_TestTask
 *(.stub .gnu.linkonce.t.*)
                0xffffffff88240940                . = ALIGN (0x20)
 *fill*         0xffffffff88240938        0x8 00

.cust_rodata    0xffffffff88240940      0x1e0
 *(.rdata)
 *(.rodata)
 *(.rodata.*)
 .rodata.str1.4
                0xffffffff88240940       0x43 C:/Users/hosse/OneDrive/Desktop/Geektori/Hardware_A9/build/app/app/lib\libapp_debug.a(app.o)
                                         0x44 (size before relaxing)
 *fill*         0xffffffff88240983        0x1 00
 .rodata.str1.4
                0xffffffff88240984      0x13b C:/Users/hosse/OneDrive/Desktop/Geektori/Hardware_A9/build/app/app/lib\libapp_debug.a(sms.o)
                                        0x13c (size before relaxing)
 *fill*         0xffffffff88240abf        0x1 00
 .rodata.C.7.3590
                0xffffffff88240ac0        0x4 C:/Users/hosse/OneDrive/Desktop/Geektori/Hardware_A9/build/app/app/lib\libapp_debug.a(sms.o)
 .rodata.str1.4
                0xffffffff88240ac4       0x54 C:/Users/hosse/OneDrive/Desktop/Geektori/Hardware_A9/build/app/app/lib\libapp_debug.a(uart.o)
 *(.rodata.*_png)
 *(.gnu.linkonce.r.*)
 *(.rodata1)
 *(.roresdata)
 *(.robsdata)
                0xffffffff88240b20                . = ALIGN (0x20)
 *fill*         0xffffffff88240b18        0x8 00
                0xffffffff88240b20                __user_rw_lma = .
                0x0000000000000b20                __rom_size = (__user_rw_lma - __rom_start)
                0xffffffff82300000                . = 0xffffffff82300000

.cust_data      0xffffffff82300000        0x0 load address 0xffffffff88240b20
                0xffffffff82300000                __user_rw_start = .
 *(.data)
 *(.data.*)
 *(.gnu.linkonce.d.*)
 *(.sdata .sdata.* .gnu.linkonce.s.*)
 *(.sdata2 .sdata2.* .gnu.linkonce.s2.*)
                0xffffffff82300000                . = ALIGN (0x10)
                0xffffffff82300000                __user_rw_end = .
                0x0000000000000000                __user_rw_size = (__user_rw_end - __user_rw_start)
                0xffffffff82300000                __user_bss_start = .

.cust_bss       0xffffffff82300000      0x220
 *(.sbss .sbss.* .gnu.linkonce.sb.*)
 *(.sbss2 .sbss2.* .gnu.linkonce.sb2.*)
 *(.scommon)
 .scommon       0xffffffff82300000        0x4 C:/Users/hosse/OneDrive/Desktop/Geektori/Hardware_A9/build/app/init/lib\libinit_debug.a(sdk_init.o)
                0xffffffff82300000                temp000___
 .scommon       0xffffffff82300004        0x4 C:/Users/hosse/OneDrive/Desktop/Geektori/Hardware_A9/build/app/app/lib\libapp_debug.a(sms.o)
                0xffffffff82300004                smsLen
 *(.dynbss)
 *(.bss .bss.* .gnu.linkonce.b.*)
 .bss.g_InterfaceVtbl
                0xffffffff82300008        0x4 C:/Users/hosse/OneDrive/Desktop/Geektori/Hardware_A9/build/app/init/lib\libinit_debug.a(sdk_init.o)
                0xffffffff82300008                g_InterfaceVtbl
 .bss.Handel    0xffffffff8230000c       0x10 C:/Users/hosse/OneDrive/Desktop/Geektori/Hardware_A9/build/app/app/lib\libapp_debug.a(app.o)
                0xffffffff8230000c                Handel
 .bss.Network_stable
                0xffffffff8230001c        0x1 C:/Users/hosse/OneDrive/Desktop/Geektori/Hardware_A9/build/app/app/lib\libapp_debug.a(app.o)
                0xffffffff8230001c                Network_stable
 *(COMMON)
 *fill*         0xffffffff8230001d        0x3 00
 COMMON         0xffffffff82300020      0x200 C:/Users/hosse/OneDrive/Desktop/Geektori/Hardware_A9/build/app/app/lib\libapp_debug.a(sms.o)
                0xffffffff82300020                sms_data
 *(.rambss)
                0xffffffff82300220                . = ALIGN (0x10)
                0xffffffff82300220                __user_bss_end = .
                0x0000000000000220                __user_bss_size = (__user_bss_end - __user_bss_start)

.stab
 *(.stab)

.stabstr
 *(.stabstr)

.stab.excl
 *(.stab.excl)

.stab.exclstr
 *(.stab.exclstr)

.stab.index
 *(.stab.index)

.stab.indexstr
 *(.stab.indexstr)

.reginfo        0x0000000000000000       0x18
 .reginfo       0x0000000000000000       0x18 C:/Users/hosse/OneDrive/Desktop/Geektori/Hardware_A9/build/app/init/lib\libinit_debug.a(sdk_init.o)

.mdebug.abi32   0x0000000000000000        0x0
 .mdebug.abi32  0x0000000000000000        0x0 C:/Users/hosse/OneDrive/Desktop/Geektori/Hardware_A9/build/app/init/lib\libinit_debug.a(sdk_init.o)
 .mdebug.abi32  0x0000000000000000        0x0 C:/Users/hosse/OneDrive/Desktop/Geektori/Hardware_A9/build/app/app/lib\libapp_debug.a(app.o)
 .mdebug.abi32  0x0000000000000000        0x0 C:/Users/hosse/OneDrive/Desktop/Geektori/Hardware_A9/build/app/app/lib\libapp_debug.a(sms.o)
 .mdebug.abi32  0x0000000000000000        0x0 C:/Users/hosse/OneDrive/Desktop/Geektori/Hardware_A9/build/app/app/lib\libapp_debug.a(uart.o)

.gnu.attributes
                0x0000000000000000       0x10
 .gnu.attributes
                0x0000000000000000       0x10 C:/Users/hosse/OneDrive/Desktop/Geektori/Hardware_A9/build/app/init/lib\libinit_debug.a(sdk_init.o)
 .gnu.attributes
                0x0000000000000010       0x10 C:/Users/hosse/OneDrive/Desktop/Geektori/Hardware_A9/build/app/app/lib\libapp_debug.a(app.o)
 .gnu.attributes
                0x0000000000000020       0x10 C:/Users/hosse/OneDrive/Desktop/Geektori/Hardware_A9/build/app/app/lib\libapp_debug.a(sms.o)
 .gnu.attributes
                0x0000000000000030       0x10 C:/Users/hosse/OneDrive/Desktop/Geektori/Hardware_A9/build/app/app/lib\libapp_debug.a(uart.o)

.comment        0x0000000000000000       0x25
 *(.comment)
 .comment       0x0000000000000000       0x25 C:/Users/hosse/OneDrive/Desktop/Geektori/Hardware_A9/build/app/init/lib\libinit_debug.a(sdk_init.o)
                                         0x26 (size before relaxing)
 .comment       0x0000000000000000       0x26 C:/Users/hosse/OneDrive/Desktop/Geektori/Hardware_A9/build/app/app/lib\libapp_debug.a(app.o)
 .comment       0x0000000000000000       0x26 C:/Users/hosse/OneDrive/Desktop/Geektori/Hardware_A9/build/app/app/lib\libapp_debug.a(sms.o)
 .comment       0x0000000000000000       0x26 C:/Users/hosse/OneDrive/Desktop/Geektori/Hardware_A9/build/app/app/lib\libapp_debug.a(uart.o)

.debug
 *(.debug)

.line
 *(.line)

.debug_srcinfo
 *(.debug_srcinfo)

.debug_sfnames
 *(.debug_sfnames)

.debug_aranges  0x0000000000000000      0x108
 *(.debug_aranges)
 .debug_aranges
                0x0000000000000000       0x28 C:/Users/hosse/OneDrive/Desktop/Geektori/Hardware_A9/build/app/init/lib\libinit_debug.a(sdk_init.o)
 .debug_aranges
                0x0000000000000028       0x40 C:/Users/hosse/OneDrive/Desktop/Geektori/Hardware_A9/build/app/app/lib\libapp_debug.a(app.o)
 .debug_aranges
                0x0000000000000068       0x50 C:/Users/hosse/OneDrive/Desktop/Geektori/Hardware_A9/build/app/app/lib\libapp_debug.a(sms.o)
 .debug_aranges
                0x00000000000000b8       0x50 C:/Users/hosse/OneDrive/Desktop/Geektori/Hardware_A9/build/app/app/lib\libapp_debug.a(uart.o)

.debug_pubnames
                0x0000000000000000      0x204
 *(.debug_pubnames)
 .debug_pubnames
                0x0000000000000000       0x51 C:/Users/hosse/OneDrive/Desktop/Geektori/Hardware_A9/build/app/init/lib\libinit_debug.a(sdk_init.o)
 .debug_pubnames
                0x0000000000000051       0x91 C:/Users/hosse/OneDrive/Desktop/Geektori/Hardware_A9/build/app/app/lib\libapp_debug.a(app.o)
 .debug_pubnames
                0x00000000000000e2       0x94 C:/Users/hosse/OneDrive/Desktop/Geektori/Hardware_A9/build/app/app/lib\libapp_debug.a(sms.o)
 .debug_pubnames
                0x0000000000000176       0x8e C:/Users/hosse/OneDrive/Desktop/Geektori/Hardware_A9/build/app/app/lib\libapp_debug.a(uart.o)

.debug_info     0x0000000000000000    0x15402
 *(.debug_info .gnu.linkonce.wi.*)
 .debug_info    0x0000000000000000     0x52cc C:/Users/hosse/OneDrive/Desktop/Geektori/Hardware_A9/build/app/init/lib\libinit_debug.a(sdk_init.o)
 .debug_info    0x00000000000052cc     0x54c8 C:/Users/hosse/OneDrive/Desktop/Geektori/Hardware_A9/build/app/app/lib\libapp_debug.a(app.o)
 .debug_info    0x000000000000a794     0x5660 C:/Users/hosse/OneDrive/Desktop/Geektori/Hardware_A9/build/app/app/lib\libapp_debug.a(sms.o)
 .debug_info    0x000000000000fdf4     0x560e C:/Users/hosse/OneDrive/Desktop/Geektori/Hardware_A9/build/app/app/lib\libapp_debug.a(uart.o)

.debug_abbrev   0x0000000000000000      0x9cd
 *(.debug_abbrev)
 .debug_abbrev  0x0000000000000000      0x24b C:/Users/hosse/OneDrive/Desktop/Geektori/Hardware_A9/build/app/init/lib\libinit_debug.a(sdk_init.o)
 .debug_abbrev  0x000000000000024b      0x24f C:/Users/hosse/OneDrive/Desktop/Geektori/Hardware_A9/build/app/app/lib\libapp_debug.a(app.o)
 .debug_abbrev  0x000000000000049a      0x2b1 C:/Users/hosse/OneDrive/Desktop/Geektori/Hardware_A9/build/app/app/lib\libapp_debug.a(sms.o)
 .debug_abbrev  0x000000000000074b      0x282 C:/Users/hosse/OneDrive/Desktop/Geektori/Hardware_A9/build/app/app/lib\libapp_debug.a(uart.o)

.debug_line     0x0000000000000000      0xe0f
 *(.debug_line)
 .debug_line    0x0000000000000000      0x2f3 C:/Users/hosse/OneDrive/Desktop/Geektori/Hardware_A9/build/app/init/lib\libinit_debug.a(sdk_init.o)
 .debug_line    0x00000000000002f3      0x385 C:/Users/hosse/OneDrive/Desktop/Geektori/Hardware_A9/build/app/app/lib\libapp_debug.a(app.o)
 .debug_line    0x0000000000000678      0x3d9 C:/Users/hosse/OneDrive/Desktop/Geektori/Hardware_A9/build/app/app/lib\libapp_debug.a(sms.o)
 .debug_line    0x0000000000000a51      0x3be C:/Users/hosse/OneDrive/Desktop/Geektori/Hardware_A9/build/app/app/lib\libapp_debug.a(uart.o)

.debug_frame    0x0000000000000000      0x2c8
 *(.debug_frame)
 .debug_frame   0x0000000000000000       0x44 C:/Users/hosse/OneDrive/Desktop/Geektori/Hardware_A9/build/app/init/lib\libinit_debug.a(sdk_init.o)
 .debug_frame   0x0000000000000044       0xac C:/Users/hosse/OneDrive/Desktop/Geektori/Hardware_A9/build/app/app/lib\libapp_debug.a(app.o)
 .debug_frame   0x00000000000000f0       0xe4 C:/Users/hosse/OneDrive/Desktop/Geektori/Hardware_A9/build/app/app/lib\libapp_debug.a(sms.o)
 .debug_frame   0x00000000000001d4       0xf4 C:/Users/hosse/OneDrive/Desktop/Geektori/Hardware_A9/build/app/app/lib\libapp_debug.a(uart.o)

.debug_str      0x0000000000000000     0x4d6d
 *(.debug_str)
 .debug_str     0x0000000000000000     0x451a C:/Users/hosse/OneDrive/Desktop/Geektori/Hardware_A9/build/app/init/lib\libinit_debug.a(sdk_init.o)
                                       0x4727 (size before relaxing)
 .debug_str     0x000000000000451a      0x6f1 C:/Users/hosse/OneDrive/Desktop/Geektori/Hardware_A9/build/app/app/lib\libapp_debug.a(app.o)
                                       0x4d44 (size before relaxing)
 .debug_str     0x0000000000004c0b       0xd3 C:/Users/hosse/OneDrive/Desktop/Geektori/Hardware_A9/build/app/app/lib\libapp_debug.a(sms.o)
                                       0x4db0 (size before relaxing)
 .debug_str     0x0000000000004cde       0x8f C:/Users/hosse/OneDrive/Desktop/Geektori/Hardware_A9/build/app/app/lib\libapp_debug.a(uart.o)
                                       0x4d6c (size before relaxing)

.debug_loc      0x0000000000000000      0x6a1
 *(.debug_loc)
 .debug_loc     0x0000000000000000       0x5c C:/Users/hosse/OneDrive/Desktop/Geektori/Hardware_A9/build/app/init/lib\libinit_debug.a(sdk_init.o)
 .debug_loc     0x000000000000005c      0x12a C:/Users/hosse/OneDrive/Desktop/Geektori/Hardware_A9/build/app/app/lib\libapp_debug.a(app.o)
 .debug_loc     0x0000000000000186      0x2c7 C:/Users/hosse/OneDrive/Desktop/Geektori/Hardware_A9/build/app/app/lib\libapp_debug.a(sms.o)
 .debug_loc     0x000000000000044d      0x254 C:/Users/hosse/OneDrive/Desktop/Geektori/Hardware_A9/build/app/app/lib\libapp_debug.a(uart.o)

.debug_macinfo
 *(.debug_macinfo)

.debug_weaknames
 *(.debug_weaknames)

.debug_funcnames
 *(.debug_funcnames)

.debug_typenames
 *(.debug_typenames)

.debug_varnames
 *(.debug_varnames)

.gptab.sdata
 *(.gptab.data)
 *(.gptab.sdata)

.gptab.sbss
 *(.gptab.bss)
 *(.gptab.sbss)

/DISCARD/
 *(.rel.dyn)
 *(.note.GNU-stack)
 *(.eh_frame)
START GROUP
LOAD C:/Users/hosse/OneDrive/Desktop/Geektori/Hardware_A9/build/app/init/lib\libinit_debug.a
LOAD C:/Users/hosse/OneDrive/Desktop/Geektori/Hardware_A9/build/app/libs/lib\liblibs_debug.a
LOAD C:/Users/hosse/OneDrive/Desktop/Geektori/Hardware_A9/build/app/app/lib\libapp_debug.a
LOAD C:/Users/hosse/OneDrive/Desktop/Geektori/Hardware_A9/build/app/app/lib\libapp_debug.a
END GROUP
LOAD C:/Users/hosse/OneDrive/Desktop/Geektori/Hardware_A9/platform/lib/gcc/mips-elf/4.4.2\libgcc.a
OUTPUT(C:/Users/hosse/OneDrive/Desktop/Geektori/Hardware_A9/build/app//app.elf elf32-littlemips)

.debug_ranges   0x0000000000000000       0xe8
 .debug_ranges  0x0000000000000000       0x20 C:/Users/hosse/OneDrive/Desktop/Geektori/Hardware_A9/build/app/init/lib\libinit_debug.a(sdk_init.o)
 .debug_ranges  0x0000000000000020       0x38 C:/Users/hosse/OneDrive/Desktop/Geektori/Hardware_A9/build/app/app/lib\libapp_debug.a(app.o)
 .debug_ranges  0x0000000000000058       0x48 C:/Users/hosse/OneDrive/Desktop/Geektori/Hardware_A9/build/app/app/lib\libapp_debug.a(sms.o)
 .debug_ranges  0x00000000000000a0       0x48 C:/Users/hosse/OneDrive/Desktop/Geektori/Hardware_A9/build/app/app/lib\libapp_debug.a(uart.o)
