Archive member included because of file (symbol)

C:/Users/hosse/OneDrive/Desktop/Geektori/Hardware_A9/build/app/init/lib\libinit_debug.a(sdk_init.o)
                              (user_Main)
C:/Users/hosse/OneDrive/Desktop/Geektori/Hardware_A9/build/app/app/lib\libapp_debug.a(app.o)
                              C:/Users/hosse/OneDrive/Desktop/Geektori/Hardware_A9/build/app/init/lib\libinit_debug.a(sdk_init.o) (app_Main)

Allocating common symbols
Common symbol       size              file

temp000___          0x4               C:/Users/hosse/OneDrive/Desktop/Geektori/Hardware_A9/build/app/init/lib\libinit_debug.a(sdk_init.o)
sms_data            0x10e             C:/Users/hosse/OneDrive/Desktop/Geektori/Hardware_A9/build/app/app/lib\libapp_debug.a(app.o)
phone_number        0x15              C:/Users/hosse/OneDrive/Desktop/Geektori/Hardware_A9/build/app/app/lib\libapp_debug.a(app.o)
smsLen              0x4               C:/Users/hosse/OneDrive/Desktop/Geektori/Hardware_A9/build/app/app/lib\libapp_debug.a(app.o)

Discarded input sections

 .text          0x0000000000000000        0x0 C:/Users/hosse/OneDrive/Desktop/Geektori/Hardware_A9/build/app/init/lib\libinit_debug.a(sdk_init.o)
 .data          0x0000000000000000        0x0 C:/Users/hosse/OneDrive/Desktop/Geektori/Hardware_A9/build/app/init/lib\libinit_debug.a(sdk_init.o)
 .bss           0x0000000000000000        0x0 C:/Users/hosse/OneDrive/Desktop/Geektori/Hardware_A9/build/app/init/lib\libinit_debug.a(sdk_init.o)
 .pdr           0x0000000000000000       0x40 C:/Users/hosse/OneDrive/Desktop/Geektori/Hardware_A9/build/app/init/lib\libinit_debug.a(sdk_init.o)
 .text          0x0000000000000000        0x0 C:/Users/hosse/OneDrive/Desktop/Geektori/Hardware_A9/build/app/app/lib\libapp_debug.a(app.o)
 .data          0x0000000000000000        0x0 C:/Users/hosse/OneDrive/Desktop/Geektori/Hardware_A9/build/app/app/lib\libapp_debug.a(app.o)
 .bss           0x0000000000000000        0x0 C:/Users/hosse/OneDrive/Desktop/Geektori/Hardware_A9/build/app/app/lib\libapp_debug.a(app.o)
 .reginfo       0x0000000000000000       0x18 C:/Users/hosse/OneDrive/Desktop/Geektori/Hardware_A9/build/app/app/lib\libapp_debug.a(app.o)
 .pdr           0x0000000000000000      0x280 C:/Users/hosse/OneDrive/Desktop/Geektori/Hardware_A9/build/app/app/lib\libapp_debug.a(app.o)

Memory Configuration

Name             Origin             Length             Attributes
*default*        0x0000000000000000 0xffffffffffffffff

Linker script and memory map

LOAD C:/Users/hosse/OneDrive/Desktop/Geektori/Hardware_A9/platform/chip/rom/8955/lib/mem_bridge_rom_CHIP.elf
                0xffffffff88240000                . = 0xffffffff88240000
                0xffffffff88240000                __rom_start = .

.section_init   0xffffffff88240000       0x10
 *(.section_init)
 .section_init  0xffffffff88240000        0x8 C:/Users/hosse/OneDrive/Desktop/Geektori/Hardware_A9/build/app/init/lib\libinit_debug.a(sdk_init.o)
                0xffffffff88240010                . = ALIGN (0x10)
 *fill*         0xffffffff88240008        0x8 00

.cust_rotext    0xffffffff88240010      0x9b0
 *(.text)
 *(.text.*)
 .text.user_Main
                0xffffffff88240010       0x1c C:/Users/hosse/OneDrive/Desktop/Geektori/Hardware_A9/build/app/init/lib\libinit_debug.a(sdk_init.o)
                0xffffffff88240011                user_Main
 .text.user_Init
                0xffffffff8824002c       0x48 C:/Users/hosse/OneDrive/Desktop/Geektori/Hardware_A9/build/app/init/lib\libinit_debug.a(sdk_init.o)
                0xffffffff8824002d                user_Init
 .text.init_all
                0xffffffff88240074       0xb8 C:/Users/hosse/OneDrive/Desktop/Geektori/Hardware_A9/build/app/app/lib\libapp_debug.a(app.o)
                0xffffffff88240075                init_all
 .text.app_Main
                0xffffffff8824012c       0x48 C:/Users/hosse/OneDrive/Desktop/Geektori/Hardware_A9/build/app/app/lib\libapp_debug.a(app.o)
                0xffffffff8824012d                app_Main
 .text.VSE_response
                0xffffffff88240174       0x78 C:/Users/hosse/OneDrive/Desktop/Geektori/Hardware_A9/build/app/app/lib\libapp_debug.a(app.o)
                0xffffffff88240175                VSE_response
 .text.SEN_response
                0xffffffff882401ec       0x8c C:/Users/hosse/OneDrive/Desktop/Geektori/Hardware_A9/build/app/app/lib\libapp_debug.a(app.o)
                0xffffffff882401ed                SEN_response
 .text.WHO_response
                0xffffffff88240278       0x78 C:/Users/hosse/OneDrive/Desktop/Geektori/Hardware_A9/build/app/app/lib\libapp_debug.a(app.o)
                0xffffffff88240279                WHO_response
 .text.uart_sender_int
                0xffffffff882402f0       0x48 C:/Users/hosse/OneDrive/Desktop/Geektori/Hardware_A9/build/app/app/lib\libapp_debug.a(app.o)
                0xffffffff882402f1                uart_sender_int
 .text.validate_sms
                0xffffffff88240338       0x64 C:/Users/hosse/OneDrive/Desktop/Geektori/Hardware_A9/build/app/app/lib\libapp_debug.a(app.o)
                0xffffffff88240339                validate_sms
 .text.uart_sender
                0xffffffff8824039c       0x48 C:/Users/hosse/OneDrive/Desktop/Geektori/Hardware_A9/build/app/app/lib\libapp_debug.a(app.o)
                0xffffffff8824039d                uart_sender
 .text.SMSInit  0xffffffff882403e4       0x60 C:/Users/hosse/OneDrive/Desktop/Geektori/Hardware_A9/build/app/app/lib\libapp_debug.a(app.o)
                0xffffffff882403e5                SMSInit
 .text.sms_clearAll
                0xffffffff88240444       0xc4 C:/Users/hosse/OneDrive/Desktop/Geektori/Hardware_A9/build/app/app/lib\libapp_debug.a(app.o)
                0xffffffff88240445                sms_clearAll
 .text.sms_send
                0xffffffff88240508       0x90 C:/Users/hosse/OneDrive/Desktop/Geektori/Hardware_A9/build/app/app/lib\libapp_debug.a(app.o)
                0xffffffff88240509                sms_send
 .text.send_sms
                0xffffffff88240598       0x64 C:/Users/hosse/OneDrive/Desktop/Geektori/Hardware_A9/build/app/app/lib\libapp_debug.a(app.o)
                0xffffffff88240599                send_sms
 .text.send_who
                0xffffffff882405fc       0x84 C:/Users/hosse/OneDrive/Desktop/Geektori/Hardware_A9/build/app/app/lib\libapp_debug.a(app.o)
                0xffffffff882405fd                send_who
 .text.SmsEventDispatch
                0xffffffff88240680       0x70 C:/Users/hosse/OneDrive/Desktop/Geektori/Hardware_A9/build/app/app/lib\libapp_debug.a(app.o)
                0xffffffff88240681                SmsEventDispatch
 .text.SMS_TestTask
                0xffffffff882406f0       0x50 C:/Users/hosse/OneDrive/Desktop/Geektori/Hardware_A9/build/app/app/lib\libapp_debug.a(app.o)
                0xffffffff882406f1                SMS_TestTask
 .text.uartDataParser
                0xffffffff88240740       0xf8 C:/Users/hosse/OneDrive/Desktop/Geektori/Hardware_A9/build/app/app/lib\libapp_debug.a(app.o)
                0xffffffff88240741                uartDataParser
 .text.MainEventDispatch
                0xffffffff88240838       0x90 C:/Users/hosse/OneDrive/Desktop/Geektori/Hardware_A9/build/app/app/lib\libapp_debug.a(app.o)
                0xffffffff88240839                MainEventDispatch
 .text.MainTask
                0xffffffff882408c8       0x7c C:/Users/hosse/OneDrive/Desktop/Geektori/Hardware_A9/build/app/app/lib\libapp_debug.a(app.o)
                0xffffffff882408c9                MainTask
 .text.Send_who_scenario_timer
                0xffffffff88240944       0x38 C:/Users/hosse/OneDrive/Desktop/Geektori/Hardware_A9/build/app/app/lib\libapp_debug.a(app.o)
                0xffffffff88240945                Send_who_scenario_timer
 .text.Send_Hi_scenario_timer
                0xffffffff8824097c       0x38 C:/Users/hosse/OneDrive/Desktop/Geektori/Hardware_A9/build/app/app/lib\libapp_debug.a(app.o)
                0xffffffff8824097d                Send_Hi_scenario_timer
 *(.stub .gnu.linkonce.t.*)
                0xffffffff882409c0                . = ALIGN (0x20)
 *fill*         0xffffffff882409b4        0xc 00

.cust_rodata    0xffffffff882409c0      0x140
 *(.rdata)
 *(.rodata)
 *(.rodata.*)
 .rodata.str1.4
                0xffffffff882409c0      0x130 C:/Users/hosse/OneDrive/Desktop/Geektori/Hardware_A9/build/app/app/lib\libapp_debug.a(app.o)
 .rodata.C.44.3845
                0xffffffff88240af0        0x4 C:/Users/hosse/OneDrive/Desktop/Geektori/Hardware_A9/build/app/app/lib\libapp_debug.a(app.o)
 *(.rodata.*_png)
 *(.gnu.linkonce.r.*)
 *(.rodata1)
 *(.roresdata)
 *(.robsdata)
                0xffffffff88240b00                . = ALIGN (0x20)
 *fill*         0xffffffff88240af4        0xc 00
                0xffffffff88240b00                __user_rw_lma = .
                0x0000000000000b00                __rom_size = (__user_rw_lma - __rom_start)
                0xffffffff82300000                . = 0xffffffff82300000

.cust_data      0xffffffff82300000        0x0 load address 0xffffffff88240b00
                0xffffffff82300000                __user_rw_start = .
 *(.data)
 *(.data.*)
 *(.gnu.linkonce.d.*)
 *(.sdata .sdata.* .gnu.linkonce.s.*)
 *(.sdata2 .sdata2.* .gnu.linkonce.s2.*)
                0xffffffff82300000                . = ALIGN (0x10)
                0xffffffff82300000                __user_rw_end = .
                0x0000000000000000                __user_rw_size = (__user_rw_end - __user_rw_start)
                0xffffffff82300000                __user_bss_start = .

.cust_bss       0xffffffff82300000      0x140
 *(.sbss .sbss.* .gnu.linkonce.sb.*)
 *(.sbss2 .sbss2.* .gnu.linkonce.sb2.*)
 *(.scommon)
 .scommon       0xffffffff82300000        0x4 C:/Users/hosse/OneDrive/Desktop/Geektori/Hardware_A9/build/app/init/lib\libinit_debug.a(sdk_init.o)
                0xffffffff82300000                temp000___
 .scommon       0xffffffff82300004        0x4 C:/Users/hosse/OneDrive/Desktop/Geektori/Hardware_A9/build/app/app/lib\libapp_debug.a(app.o)
                0xffffffff82300004                smsLen
 *(.dynbss)
 *(.bss .bss.* .gnu.linkonce.b.*)
 .bss.g_InterfaceVtbl
                0xffffffff82300008        0x4 C:/Users/hosse/OneDrive/Desktop/Geektori/Hardware_A9/build/app/init/lib\libinit_debug.a(sdk_init.o)
                0xffffffff82300008                g_InterfaceVtbl
 .bss.Network_stable
                0xffffffff8230000c        0x1 C:/Users/hosse/OneDrive/Desktop/Geektori/Hardware_A9/build/app/app/lib\libapp_debug.a(app.o)
                0xffffffff8230000c                Network_stable
 *fill*         0xffffffff8230000d        0x3 00
 .bss.mainTaskHandle
                0xffffffff82300010        0x4 C:/Users/hosse/OneDrive/Desktop/Geektori/Hardware_A9/build/app/app/lib\libapp_debug.a(app.o)
 .bss.smsTaskHandle
                0xffffffff82300014        0x4 C:/Users/hosse/OneDrive/Desktop/Geektori/Hardware_A9/build/app/app/lib\libapp_debug.a(app.o)
 *(COMMON)
 COMMON         0xffffffff82300018      0x125 C:/Users/hosse/OneDrive/Desktop/Geektori/Hardware_A9/build/app/app/lib\libapp_debug.a(app.o)
                0xffffffff82300018                sms_data
                0xffffffff82300128                phone_number
 *(.rambss)
                0xffffffff82300140                . = ALIGN (0x10)
 *fill*         0xffffffff8230013d        0x3 00
                0xffffffff82300140                __user_bss_end = .
                0x0000000000000140                __user_bss_size = (__user_bss_end - __user_bss_start)

.stab
 *(.stab)

.stabstr
 *(.stabstr)

.stab.excl
 *(.stab.excl)

.stab.exclstr
 *(.stab.exclstr)

.stab.index
 *(.stab.index)

.stab.indexstr
 *(.stab.indexstr)

.reginfo        0x0000000000000000       0x18
 .reginfo       0x0000000000000000       0x18 C:/Users/hosse/OneDrive/Desktop/Geektori/Hardware_A9/build/app/init/lib\libinit_debug.a(sdk_init.o)

.mdebug.abi32   0x0000000000000000        0x0
 .mdebug.abi32  0x0000000000000000        0x0 C:/Users/hosse/OneDrive/Desktop/Geektori/Hardware_A9/build/app/init/lib\libinit_debug.a(sdk_init.o)
 .mdebug.abi32  0x0000000000000000        0x0 C:/Users/hosse/OneDrive/Desktop/Geektori/Hardware_A9/build/app/app/lib\libapp_debug.a(app.o)

.gnu.attributes
                0x0000000000000000       0x10
 .gnu.attributes
                0x0000000000000000       0x10 C:/Users/hosse/OneDrive/Desktop/Geektori/Hardware_A9/build/app/init/lib\libinit_debug.a(sdk_init.o)
 .gnu.attributes
                0x0000000000000010       0x10 C:/Users/hosse/OneDrive/Desktop/Geektori/Hardware_A9/build/app/app/lib\libapp_debug.a(app.o)

.comment        0x0000000000000000       0x25
 *(.comment)
 .comment       0x0000000000000000       0x25 C:/Users/hosse/OneDrive/Desktop/Geektori/Hardware_A9/build/app/init/lib\libinit_debug.a(sdk_init.o)
                                         0x26 (size before relaxing)
 .comment       0x0000000000000000       0x26 C:/Users/hosse/OneDrive/Desktop/Geektori/Hardware_A9/build/app/app/lib\libapp_debug.a(app.o)

.debug
 *(.debug)

.line
 *(.line)

.debug_srcinfo
 *(.debug_srcinfo)

.debug_sfnames
 *(.debug_sfnames)

.debug_aranges  0x0000000000000000       0xe0
 *(.debug_aranges)
 .debug_aranges
                0x0000000000000000       0x28 C:/Users/hosse/OneDrive/Desktop/Geektori/Hardware_A9/build/app/init/lib\libinit_debug.a(sdk_init.o)
 .debug_aranges
                0x0000000000000028       0xb8 C:/Users/hosse/OneDrive/Desktop/Geektori/Hardware_A9/build/app/app/lib\libapp_debug.a(app.o)

.debug_pubnames
                0x0000000000000000      0x1f8
 *(.debug_pubnames)
 .debug_pubnames
                0x0000000000000000       0x51 C:/Users/hosse/OneDrive/Desktop/Geektori/Hardware_A9/build/app/init/lib\libinit_debug.a(sdk_init.o)
 .debug_pubnames
                0x0000000000000051      0x1a7 C:/Users/hosse/OneDrive/Desktop/Geektori/Hardware_A9/build/app/app/lib\libapp_debug.a(app.o)

.debug_info     0x0000000000000000     0xabf5
 *(.debug_info .gnu.linkonce.wi.*)
 .debug_info    0x0000000000000000     0x52cc C:/Users/hosse/OneDrive/Desktop/Geektori/Hardware_A9/build/app/init/lib\libinit_debug.a(sdk_init.o)
 .debug_info    0x00000000000052cc     0x5929 C:/Users/hosse/OneDrive/Desktop/Geektori/Hardware_A9/build/app/app/lib\libapp_debug.a(app.o)

.debug_abbrev   0x0000000000000000      0x565
 *(.debug_abbrev)
 .debug_abbrev  0x0000000000000000      0x24b C:/Users/hosse/OneDrive/Desktop/Geektori/Hardware_A9/build/app/init/lib\libinit_debug.a(sdk_init.o)
 .debug_abbrev  0x000000000000024b      0x31a C:/Users/hosse/OneDrive/Desktop/Geektori/Hardware_A9/build/app/app/lib\libapp_debug.a(app.o)

.debug_line     0x0000000000000000      0x832
 *(.debug_line)
 .debug_line    0x0000000000000000      0x2f3 C:/Users/hosse/OneDrive/Desktop/Geektori/Hardware_A9/build/app/init/lib\libinit_debug.a(sdk_init.o)
 .debug_line    0x00000000000002f3      0x53f C:/Users/hosse/OneDrive/Desktop/Geektori/Hardware_A9/build/app/app/lib\libapp_debug.a(app.o)

.debug_frame    0x0000000000000000      0x2a4
 *(.debug_frame)
 .debug_frame   0x0000000000000000       0x44 C:/Users/hosse/OneDrive/Desktop/Geektori/Hardware_A9/build/app/init/lib\libinit_debug.a(sdk_init.o)
 .debug_frame   0x0000000000000044      0x260 C:/Users/hosse/OneDrive/Desktop/Geektori/Hardware_A9/build/app/app/lib\libapp_debug.a(app.o)

.debug_str      0x0000000000000000     0x4d6e
 *(.debug_str)
 .debug_str     0x0000000000000000     0x4513 C:/Users/hosse/OneDrive/Desktop/Geektori/Hardware_A9/build/app/init/lib\libinit_debug.a(sdk_init.o)
                                       0x4727 (size before relaxing)
 .debug_str     0x0000000000004513      0x85b C:/Users/hosse/OneDrive/Desktop/Geektori/Hardware_A9/build/app/app/lib\libapp_debug.a(app.o)
                                       0x4ea1 (size before relaxing)

.debug_loc      0x0000000000000000      0x5b8
 *(.debug_loc)
 .debug_loc     0x0000000000000000       0x5c C:/Users/hosse/OneDrive/Desktop/Geektori/Hardware_A9/build/app/init/lib\libinit_debug.a(sdk_init.o)
 .debug_loc     0x000000000000005c      0x55c C:/Users/hosse/OneDrive/Desktop/Geektori/Hardware_A9/build/app/app/lib\libapp_debug.a(app.o)

.debug_macinfo
 *(.debug_macinfo)

.debug_weaknames
 *(.debug_weaknames)

.debug_funcnames
 *(.debug_funcnames)

.debug_typenames
 *(.debug_typenames)

.debug_varnames
 *(.debug_varnames)

.gptab.sdata
 *(.gptab.data)
 *(.gptab.sdata)

.gptab.sbss
 *(.gptab.bss)
 *(.gptab.sbss)

/DISCARD/
 *(.rel.dyn)
 *(.note.GNU-stack)
 *(.eh_frame)
START GROUP
LOAD C:/Users/hosse/OneDrive/Desktop/Geektori/Hardware_A9/build/app/init/lib\libinit_debug.a
LOAD C:/Users/hosse/OneDrive/Desktop/Geektori/Hardware_A9/build/app/libs/lib\liblibs_debug.a
LOAD C:/Users/hosse/OneDrive/Desktop/Geektori/Hardware_A9/build/app/app/lib\libapp_debug.a
LOAD C:/Users/hosse/OneDrive/Desktop/Geektori/Hardware_A9/build/app/app/lib\libapp_debug.a
END GROUP
LOAD C:/Users/hosse/OneDrive/Desktop/Geektori/Hardware_A9/platform/lib/gcc/mips-elf/4.4.2\libgcc.a
OUTPUT(C:/Users/hosse/OneDrive/Desktop/Geektori/Hardware_A9/build/app//app.elf elf32-littlemips)

.debug_ranges   0x0000000000000000       0xd0
 .debug_ranges  0x0000000000000000       0x20 C:/Users/hosse/OneDrive/Desktop/Geektori/Hardware_A9/build/app/init/lib\libinit_debug.a(sdk_init.o)
 .debug_ranges  0x0000000000000020       0xb0 C:/Users/hosse/OneDrive/Desktop/Geektori/Hardware_A9/build/app/app/lib\libapp_debug.a(app.o)
